<!doctype html public "-//w3c//dtd html 4.0 transitional//en">
<html><head>
<title>Static Call Graph - [dmp_tyest\dmp_tyest.axf]</title></head>
<body><HR>
<H1>Static Call Graph for image dmp_tyest\dmp_tyest.axf</H1><HR>
<BR><P>#&#060CALLGRAPH&#062# ARM Linker, 5060750: Last Updated: Wed Mar 20 17:55:06 2019
<BR><P>
<H3>Maximum Stack Usage =        680 bytes + Unknown(Cycles, Untraceable Function Pointers)</H3><H3>
Call chain for Maximum Stack Depth:</H3>
main &rArr; read_from_mpl &rArr; _MLPrintLog &rArr; fputcc &rArr; Sensors_UART_SendChar &rArr; HAL_UART_Transmit &rArr; UART_WaitOnFlagUntilTimeout
<P>
<H3>
Mutually Recursive functions
</H3> <LI><a href="#[1d]">ADC_IRQHandler</a>&nbsp;&nbsp;&nbsp;&rArr;&nbsp;&nbsp;&nbsp;<a href="#[1d]">ADC_IRQHandler</a><BR>
 <LI><a href="#[5]">BusFault_Handler</a>&nbsp;&nbsp;&nbsp;&rArr;&nbsp;&nbsp;&nbsp;<a href="#[5]">BusFault_Handler</a><BR>
 <LI><a href="#[3]">HardFault_Handler</a>&nbsp;&nbsp;&nbsp;&rArr;&nbsp;&nbsp;&nbsp;<a href="#[3]">HardFault_Handler</a><BR>
 <LI><a href="#[4]">MemManage_Handler</a>&nbsp;&nbsp;&nbsp;&rArr;&nbsp;&nbsp;&nbsp;<a href="#[4]">MemManage_Handler</a><BR>
 <LI><a href="#[6]">UsageFault_Handler</a>&nbsp;&nbsp;&nbsp;&rArr;&nbsp;&nbsp;&nbsp;<a href="#[6]">UsageFault_Handler</a><BR>
</UL>
<P>
<H3>
Function Pointers
</H3><UL>
 <LI><a href="#[1d]">ADC_IRQHandler</a> from startup_stm32f429xx.o(.text) referenced from startup_stm32f429xx.o(RESET)
 <LI><a href="#[5]">BusFault_Handler</a> from stm32f4xx_it.o(i.BusFault_Handler) referenced from startup_stm32f429xx.o(RESET)
 <LI><a href="#[1f]">CAN1_RX0_IRQHandler</a> from startup_stm32f429xx.o(.text) referenced from startup_stm32f429xx.o(RESET)
 <LI><a href="#[20]">CAN1_RX1_IRQHandler</a> from startup_stm32f429xx.o(.text) referenced from startup_stm32f429xx.o(RESET)
 <LI><a href="#[21]">CAN1_SCE_IRQHandler</a> from startup_stm32f429xx.o(.text) referenced from startup_stm32f429xx.o(RESET)
 <LI><a href="#[1e]">CAN1_TX_IRQHandler</a> from startup_stm32f429xx.o(.text) referenced from startup_stm32f429xx.o(RESET)
 <LI><a href="#[4b]">CAN2_RX0_IRQHandler</a> from startup_stm32f429xx.o(.text) referenced from startup_stm32f429xx.o(RESET)
 <LI><a href="#[4c]">CAN2_RX1_IRQHandler</a> from startup_stm32f429xx.o(.text) referenced from startup_stm32f429xx.o(RESET)
 <LI><a href="#[4d]">CAN2_SCE_IRQHandler</a> from startup_stm32f429xx.o(.text) referenced from startup_stm32f429xx.o(RESET)
 <LI><a href="#[4a]">CAN2_TX_IRQHandler</a> from startup_stm32f429xx.o(.text) referenced from startup_stm32f429xx.o(RESET)
 <LI><a href="#[59]">DCMI_IRQHandler</a> from startup_stm32f429xx.o(.text) referenced from startup_stm32f429xx.o(RESET)
 <LI><a href="#[16]">DMA1_Stream0_IRQHandler</a> from startup_stm32f429xx.o(.text) referenced from startup_stm32f429xx.o(RESET)
 <LI><a href="#[17]">DMA1_Stream1_IRQHandler</a> from startup_stm32f429xx.o(.text) referenced from startup_stm32f429xx.o(RESET)
 <LI><a href="#[18]">DMA1_Stream2_IRQHandler</a> from startup_stm32f429xx.o(.text) referenced from startup_stm32f429xx.o(RESET)
 <LI><a href="#[19]">DMA1_Stream3_IRQHandler</a> from startup_stm32f429xx.o(.text) referenced from startup_stm32f429xx.o(RESET)
 <LI><a href="#[1a]">DMA1_Stream4_IRQHandler</a> from startup_stm32f429xx.o(.text) referenced from startup_stm32f429xx.o(RESET)
 <LI><a href="#[1b]">DMA1_Stream5_IRQHandler</a> from startup_stm32f429xx.o(.text) referenced from startup_stm32f429xx.o(RESET)
 <LI><a href="#[1c]">DMA1_Stream6_IRQHandler</a> from startup_stm32f429xx.o(.text) referenced from startup_stm32f429xx.o(RESET)
 <LI><a href="#[3a]">DMA1_Stream7_IRQHandler</a> from startup_stm32f429xx.o(.text) referenced from startup_stm32f429xx.o(RESET)
 <LI><a href="#[64]">DMA2D_IRQHandler</a> from startup_stm32f429xx.o(.text) referenced from startup_stm32f429xx.o(RESET)
 <LI><a href="#[43]">DMA2_Stream0_IRQHandler</a> from startup_stm32f429xx.o(.text) referenced from startup_stm32f429xx.o(RESET)
 <LI><a href="#[44]">DMA2_Stream1_IRQHandler</a> from startup_stm32f429xx.o(.text) referenced from startup_stm32f429xx.o(RESET)
 <LI><a href="#[45]">DMA2_Stream2_IRQHandler</a> from startup_stm32f429xx.o(.text) referenced from startup_stm32f429xx.o(RESET)
 <LI><a href="#[46]">DMA2_Stream3_IRQHandler</a> from startup_stm32f429xx.o(.text) referenced from startup_stm32f429xx.o(RESET)
 <LI><a href="#[47]">DMA2_Stream4_IRQHandler</a> from startup_stm32f429xx.o(.text) referenced from startup_stm32f429xx.o(RESET)
 <LI><a href="#[4f]">DMA2_Stream5_IRQHandler</a> from startup_stm32f429xx.o(.text) referenced from startup_stm32f429xx.o(RESET)
 <LI><a href="#[50]">DMA2_Stream6_IRQHandler</a> from startup_stm32f429xx.o(.text) referenced from startup_stm32f429xx.o(RESET)
 <LI><a href="#[51]">DMA2_Stream7_IRQHandler</a> from startup_stm32f429xx.o(.text) referenced from startup_stm32f429xx.o(RESET)
 <LI><a href="#[8]">DebugMon_Handler</a> from stm32f4xx_it.o(i.DebugMon_Handler) referenced from startup_stm32f429xx.o(RESET)
 <LI><a href="#[48]">ETH_IRQHandler</a> from startup_stm32f429xx.o(.text) referenced from startup_stm32f429xx.o(RESET)
 <LI><a href="#[49]">ETH_WKUP_IRQHandler</a> from startup_stm32f429xx.o(.text) referenced from startup_stm32f429xx.o(RESET)
 <LI><a href="#[11]">EXTI0_IRQHandler</a> from startup_stm32f429xx.o(.text) referenced from startup_stm32f429xx.o(RESET)
 <LI><a href="#[33]">EXTI15_10_IRQHandler</a> from startup_stm32f429xx.o(.text) referenced from startup_stm32f429xx.o(RESET)
 <LI><a href="#[12]">EXTI1_IRQHandler</a> from stm32f4xx_it.o(i.EXTI1_IRQHandler) referenced from startup_stm32f429xx.o(RESET)
 <LI><a href="#[13]">EXTI2_IRQHandler</a> from startup_stm32f429xx.o(.text) referenced from startup_stm32f429xx.o(RESET)
 <LI><a href="#[14]">EXTI3_IRQHandler</a> from startup_stm32f429xx.o(.text) referenced from startup_stm32f429xx.o(RESET)
 <LI><a href="#[15]">EXTI4_IRQHandler</a> from startup_stm32f429xx.o(.text) referenced from startup_stm32f429xx.o(RESET)
 <LI><a href="#[22]">EXTI9_5_IRQHandler</a> from startup_stm32f429xx.o(.text) referenced from startup_stm32f429xx.o(RESET)
 <LI><a href="#[f]">FLASH_IRQHandler</a> from startup_stm32f429xx.o(.text) referenced from startup_stm32f429xx.o(RESET)
 <LI><a href="#[3b]">FMC_IRQHandler</a> from startup_stm32f429xx.o(.text) referenced from startup_stm32f429xx.o(RESET)
 <LI><a href="#[5b]">FPU_IRQHandler</a> from startup_stm32f429xx.o(.text) referenced from startup_stm32f429xx.o(RESET)
 <LI><a href="#[5a]">HASH_RNG_IRQHandler</a> from startup_stm32f429xx.o(.text) referenced from startup_stm32f429xx.o(RESET)
 <LI><a href="#[3]">HardFault_Handler</a> from stm32f4xx_it.o(i.HardFault_Handler) referenced from startup_stm32f429xx.o(RESET)
 <LI><a href="#[2b]">I2C1_ER_IRQHandler</a> from startup_stm32f429xx.o(.text) referenced from startup_stm32f429xx.o(RESET)
 <LI><a href="#[2a]">I2C1_EV_IRQHandler</a> from startup_stm32f429xx.o(.text) referenced from startup_stm32f429xx.o(RESET)
 <LI><a href="#[2d]">I2C2_ER_IRQHandler</a> from startup_stm32f429xx.o(.text) referenced from startup_stm32f429xx.o(RESET)
 <LI><a href="#[2c]">I2C2_EV_IRQHandler</a> from startup_stm32f429xx.o(.text) referenced from startup_stm32f429xx.o(RESET)
 <LI><a href="#[54]">I2C3_ER_IRQHandler</a> from startup_stm32f429xx.o(.text) referenced from startup_stm32f429xx.o(RESET)
 <LI><a href="#[53]">I2C3_EV_IRQHandler</a> from startup_stm32f429xx.o(.text) referenced from startup_stm32f429xx.o(RESET)
 <LI><a href="#[63]">LTDC_ER_IRQHandler</a> from startup_stm32f429xx.o(.text) referenced from startup_stm32f429xx.o(RESET)
 <LI><a href="#[62]">LTDC_IRQHandler</a> from startup_stm32f429xx.o(.text) referenced from startup_stm32f429xx.o(RESET)
 <LI><a href="#[4]">MemManage_Handler</a> from stm32f4xx_it.o(i.MemManage_Handler) referenced from startup_stm32f429xx.o(RESET)
 <LI><a href="#[2]">NMI_Handler</a> from stm32f4xx_it.o(i.NMI_Handler) referenced from startup_stm32f429xx.o(RESET)
 <LI><a href="#[4e]">OTG_FS_IRQHandler</a> from startup_stm32f429xx.o(.text) referenced from startup_stm32f429xx.o(RESET)
 <LI><a href="#[35]">OTG_FS_WKUP_IRQHandler</a> from startup_stm32f429xx.o(.text) referenced from startup_stm32f429xx.o(RESET)
 <LI><a href="#[56]">OTG_HS_EP1_IN_IRQHandler</a> from startup_stm32f429xx.o(.text) referenced from startup_stm32f429xx.o(RESET)
 <LI><a href="#[55]">OTG_HS_EP1_OUT_IRQHandler</a> from startup_stm32f429xx.o(.text) referenced from startup_stm32f429xx.o(RESET)
 <LI><a href="#[58]">OTG_HS_IRQHandler</a> from startup_stm32f429xx.o(.text) referenced from startup_stm32f429xx.o(RESET)
 <LI><a href="#[57]">OTG_HS_WKUP_IRQHandler</a> from startup_stm32f429xx.o(.text) referenced from startup_stm32f429xx.o(RESET)
 <LI><a href="#[c]">PVD_IRQHandler</a> from startup_stm32f429xx.o(.text) referenced from startup_stm32f429xx.o(RESET)
 <LI><a href="#[9]">PendSV_Handler</a> from stm32f4xx_it.o(i.PendSV_Handler) referenced from startup_stm32f429xx.o(RESET)
 <LI><a href="#[10]">RCC_IRQHandler</a> from startup_stm32f429xx.o(.text) referenced from startup_stm32f429xx.o(RESET)
 <LI><a href="#[34]">RTC_Alarm_IRQHandler</a> from startup_stm32f429xx.o(.text) referenced from startup_stm32f429xx.o(RESET)
 <LI><a href="#[e]">RTC_WKUP_IRQHandler</a> from startup_stm32f429xx.o(.text) referenced from startup_stm32f429xx.o(RESET)
 <LI><a href="#[1]">Reset_Handler</a> from startup_stm32f429xx.o(.text) referenced from startup_stm32f429xx.o(RESET)
 <LI><a href="#[61]">SAI1_IRQHandler</a> from startup_stm32f429xx.o(.text) referenced from startup_stm32f429xx.o(RESET)
 <LI><a href="#[3c]">SDIO_IRQHandler</a> from startup_stm32f429xx.o(.text) referenced from startup_stm32f429xx.o(RESET)
 <LI><a href="#[2e]">SPI1_IRQHandler</a> from startup_stm32f429xx.o(.text) referenced from startup_stm32f429xx.o(RESET)
 <LI><a href="#[2f]">SPI2_IRQHandler</a> from startup_stm32f429xx.o(.text) referenced from startup_stm32f429xx.o(RESET)
 <LI><a href="#[3e]">SPI3_IRQHandler</a> from startup_stm32f429xx.o(.text) referenced from startup_stm32f429xx.o(RESET)
 <LI><a href="#[5e]">SPI4_IRQHandler</a> from startup_stm32f429xx.o(.text) referenced from startup_stm32f429xx.o(RESET)
 <LI><a href="#[5f]">SPI5_IRQHandler</a> from startup_stm32f429xx.o(.text) referenced from startup_stm32f429xx.o(RESET)
 <LI><a href="#[60]">SPI6_IRQHandler</a> from startup_stm32f429xx.o(.text) referenced from startup_stm32f429xx.o(RESET)
 <LI><a href="#[7]">SVC_Handler</a> from stm32f4xx_it.o(i.SVC_Handler) referenced from startup_stm32f429xx.o(RESET)
 <LI><a href="#[a]">SysTick_Handler</a> from stm32f4xx_it.o(i.SysTick_Handler) referenced from startup_stm32f429xx.o(RESET)
 <LI><a href="#[66]">SystemInit</a> from system_stm32f4xx.o(i.SystemInit) referenced from startup_stm32f429xx.o(.text)
 <LI><a href="#[d]">TAMP_STAMP_IRQHandler</a> from startup_stm32f429xx.o(.text) referenced from startup_stm32f429xx.o(RESET)
 <LI><a href="#[23]">TIM1_BRK_TIM9_IRQHandler</a> from startup_stm32f429xx.o(.text) referenced from startup_stm32f429xx.o(RESET)
 <LI><a href="#[26]">TIM1_CC_IRQHandler</a> from startup_stm32f429xx.o(.text) referenced from startup_stm32f429xx.o(RESET)
 <LI><a href="#[25]">TIM1_TRG_COM_TIM11_IRQHandler</a> from startup_stm32f429xx.o(.text) referenced from startup_stm32f429xx.o(RESET)
 <LI><a href="#[24]">TIM1_UP_TIM10_IRQHandler</a> from startup_stm32f429xx.o(.text) referenced from startup_stm32f429xx.o(RESET)
 <LI><a href="#[27]">TIM2_IRQHandler</a> from startup_stm32f429xx.o(.text) referenced from startup_stm32f429xx.o(RESET)
 <LI><a href="#[28]">TIM3_IRQHandler</a> from startup_stm32f429xx.o(.text) referenced from startup_stm32f429xx.o(RESET)
 <LI><a href="#[29]">TIM4_IRQHandler</a> from startup_stm32f429xx.o(.text) referenced from startup_stm32f429xx.o(RESET)
 <LI><a href="#[3d]">TIM5_IRQHandler</a> from startup_stm32f429xx.o(.text) referenced from startup_stm32f429xx.o(RESET)
 <LI><a href="#[41]">TIM6_DAC_IRQHandler</a> from startup_stm32f429xx.o(.text) referenced from startup_stm32f429xx.o(RESET)
 <LI><a href="#[42]">TIM7_IRQHandler</a> from startup_stm32f429xx.o(.text) referenced from startup_stm32f429xx.o(RESET)
 <LI><a href="#[36]">TIM8_BRK_TIM12_IRQHandler</a> from startup_stm32f429xx.o(.text) referenced from startup_stm32f429xx.o(RESET)
 <LI><a href="#[39]">TIM8_CC_IRQHandler</a> from startup_stm32f429xx.o(.text) referenced from startup_stm32f429xx.o(RESET)
 <LI><a href="#[38]">TIM8_TRG_COM_TIM14_IRQHandler</a> from startup_stm32f429xx.o(.text) referenced from startup_stm32f429xx.o(RESET)
 <LI><a href="#[37]">TIM8_UP_TIM13_IRQHandler</a> from startup_stm32f429xx.o(.text) referenced from startup_stm32f429xx.o(RESET)
 <LI><a href="#[3f]">UART4_IRQHandler</a> from startup_stm32f429xx.o(.text) referenced from startup_stm32f429xx.o(RESET)
 <LI><a href="#[40]">UART5_IRQHandler</a> from startup_stm32f429xx.o(.text) referenced from startup_stm32f429xx.o(RESET)
 <LI><a href="#[5c]">UART7_IRQHandler</a> from startup_stm32f429xx.o(.text) referenced from startup_stm32f429xx.o(RESET)
 <LI><a href="#[5d]">UART8_IRQHandler</a> from startup_stm32f429xx.o(.text) referenced from startup_stm32f429xx.o(RESET)
 <LI><a href="#[30]">USART1_IRQHandler</a> from startup_stm32f429xx.o(.text) referenced from startup_stm32f429xx.o(RESET)
 <LI><a href="#[31]">USART2_IRQHandler</a> from startup_stm32f429xx.o(.text) referenced from startup_stm32f429xx.o(RESET)
 <LI><a href="#[32]">USART3_IRQHandler</a> from startup_stm32f429xx.o(.text) referenced from startup_stm32f429xx.o(RESET)
 <LI><a href="#[52]">USART6_IRQHandler</a> from startup_stm32f429xx.o(.text) referenced from startup_stm32f429xx.o(RESET)
 <LI><a href="#[6]">UsageFault_Handler</a> from stm32f4xx_it.o(i.UsageFault_Handler) referenced from startup_stm32f429xx.o(RESET)
 <LI><a href="#[b]">WWDG_IRQHandler</a> from startup_stm32f429xx.o(.text) referenced from startup_stm32f429xx.o(RESET)
 <LI><a href="#[67]">__main</a> from entry.o(.ARM.Collect$$$$00000000) referenced from startup_stm32f429xx.o(.text)
 <LI><a href="#[6c]">_sputc</a> from printfa.o(i._sputc) referenced from printfa.o(i.__0sprintf)
 <LI><a href="#[6c]">_sputc</a> from printfa.o(i._sputc) referenced from printfa.o(i.__0vsprintf)
 <LI><a href="#[74]">android_orient_cb</a> from main.o(i.android_orient_cb) referenced from main.o(i.main)
 <LI><a href="#[70]">inv_db_load_func</a> from data_builder.o(i.inv_db_load_func) referenced from data_builder.o(i.inv_init_data_builder)
 <LI><a href="#[6f]">inv_db_save_func</a> from data_builder.o(i.inv_db_save_func) referenced from data_builder.o(i.inv_init_data_builder)
 <LI><a href="#[71]">inv_generate_eMPL_outputs</a> from empl_outputs.o(i.inv_generate_eMPL_outputs) referenced from empl_outputs.o(i.inv_start_eMPL_outputs)
 <LI><a href="#[8c]">inv_generate_fast_nomot</a> from fast_no_motion.o(.text) referenced 2 times from fast_no_motion.o(.text)
 <LI><a href="#[6b]">inv_generate_quaternion</a> from quaternion_supervisor.o(.text) referenced from quaternion_supervisor.o(.text)
 <LI><a href="#[72]">inv_generate_results</a> from results_holder.o(i.inv_generate_results) referenced from results_holder.o(i.inv_start_results_holder)
 <LI><a href="#[68]">inv_gtc_data_cb</a> from gyro_tc.o(.text) referenced from gyro_tc.o(.text)
 <LI><a href="#[6a]">inv_gtc_load</a> from gyro_tc.o(.text) referenced from gyro_tc.o(.text)
 <LI><a href="#[69]">inv_gtc_store</a> from gyro_tc.o(.text) referenced from gyro_tc.o(.text)
 <LI><a href="#[f6]">inv_magnetic_disturbance_process</a> from mag_disturb.o(.text) referenced 4 times from mag_disturb.o(.text)
 <LI><a href="#[bb]">inv_process_9x_sensor_fusion_cb</a> from fusion_9axis.o(.text) referenced 2 times from fusion_9axis.o(.text)
 <LI><a href="#[bd]">inv_start_9x_sensor_fusion</a> from fusion_9axis.o(.text) referenced 2 times from fusion_9axis.o(.text)
 <LI><a href="#[6d]">inv_start_eMPL_outputs</a> from empl_outputs.o(i.inv_start_eMPL_outputs) referenced from empl_outputs.o(i.inv_enable_eMPL_outputs)
 <LI><a href="#[97]">inv_start_fast_nomot</a> from fast_no_motion.o(.text) referenced 2 times from fast_no_motion.o(.text)
 <LI><a href="#[cb]">inv_start_gyro_tc</a> from gyro_tc.o(.text) referenced 2 times from gyro_tc.o(.text)
 <LI><a href="#[f8]">inv_start_magnetic_disturbance</a> from mag_disturb.o(.text) referenced from mag_disturb.o(.text)
 <LI><a href="#[e4]">inv_start_quaternion</a> from quaternion_supervisor.o(.text) referenced 2 times from quaternion_supervisor.o(.text)
 <LI><a href="#[6e]">inv_start_results_holder</a> from results_holder.o(i.inv_start_results_holder) referenced from results_holder.o(i.inv_enable_results_holder)
 <LI><a href="#[65]">main</a> from main.o(i.main) referenced from entry9a.o(.ARM.Collect$$$$0000000B)
 <LI><a href="#[73]">tap_cb</a> from main.o(i.tap_cb) referenced from main.o(i.main)
</UL>
<P>
<H3>
Global Symbols
</H3>
<P><STRONG><a name="[67]"></a>__main</STRONG> (Thumb, 0 bytes, Stack size unknown bytes, entry.o(.ARM.Collect$$$$00000000))
<BR>[Address Reference Count : 1]<UL><LI> startup_stm32f429xx.o(.text)
</UL>
<P><STRONG><a name="[1c6]"></a>_main_stk</STRONG> (Thumb, 0 bytes, Stack size unknown bytes, entry2.o(.ARM.Collect$$$$00000001))

<P><STRONG><a name="[75]"></a>_main_scatterload</STRONG> (Thumb, 0 bytes, Stack size unknown bytes, entry5.o(.ARM.Collect$$$$00000004))
<BR><BR>[Calls]<UL><LI><a href="#[76]">&gt;&gt;</a>&nbsp;&nbsp;&nbsp;__scatterload
</UL>

<P><STRONG><a name="[10a]"></a>__main_after_scatterload</STRONG> (Thumb, 0 bytes, Stack size unknown bytes, entry5.o(.ARM.Collect$$$$00000004))
<BR><BR>[Called By]<UL><LI><a href="#[76]">&gt;&gt;</a>&nbsp;&nbsp;&nbsp;__scatterload
</UL>

<P><STRONG><a name="[1c7]"></a>_main_clock</STRONG> (Thumb, 0 bytes, Stack size unknown bytes, entry7b.o(.ARM.Collect$$$$00000008))

<P><STRONG><a name="[1c8]"></a>_main_cpp_init</STRONG> (Thumb, 0 bytes, Stack size unknown bytes, entry8b.o(.ARM.Collect$$$$0000000A))

<P><STRONG><a name="[1c9]"></a>_main_init</STRONG> (Thumb, 0 bytes, Stack size unknown bytes, entry9a.o(.ARM.Collect$$$$0000000B))

<P><STRONG><a name="[1ca]"></a>__rt_final_cpp</STRONG> (Thumb, 0 bytes, Stack size unknown bytes, entry10a.o(.ARM.Collect$$$$0000000D))

<P><STRONG><a name="[1cb]"></a>__rt_final_exit</STRONG> (Thumb, 0 bytes, Stack size unknown bytes, entry11a.o(.ARM.Collect$$$$0000000F))

<P><STRONG><a name="[1]"></a>Reset_Handler</STRONG> (Thumb, 8 bytes, Stack size 0 bytes, startup_stm32f429xx.o(.text))
<BR>[Address Reference Count : 1]<UL><LI> startup_stm32f429xx.o(RESET)
</UL>
<P><STRONG><a name="[1d]"></a>ADC_IRQHandler</STRONG> (Thumb, 0 bytes, Stack size 0 bytes, startup_stm32f429xx.o(.text))
<BR><BR>[Calls]<UL><LI><a href="#[1d]">&gt;&gt;</a>&nbsp;&nbsp;&nbsp;ADC_IRQHandler
</UL>
<BR>[Called By]<UL><LI><a href="#[1d]">&gt;&gt;</a>&nbsp;&nbsp;&nbsp;ADC_IRQHandler
</UL>
<BR>[Address Reference Count : 1]<UL><LI> startup_stm32f429xx.o(RESET)
</UL>
<P><STRONG><a name="[1f]"></a>CAN1_RX0_IRQHandler</STRONG> (Thumb, 0 bytes, Stack size 0 bytes, startup_stm32f429xx.o(.text))
<BR>[Address Reference Count : 1]<UL><LI> startup_stm32f429xx.o(RESET)
</UL>
<P><STRONG><a name="[20]"></a>CAN1_RX1_IRQHandler</STRONG> (Thumb, 0 bytes, Stack size 0 bytes, startup_stm32f429xx.o(.text))
<BR>[Address Reference Count : 1]<UL><LI> startup_stm32f429xx.o(RESET)
</UL>
<P><STRONG><a name="[21]"></a>CAN1_SCE_IRQHandler</STRONG> (Thumb, 0 bytes, Stack size 0 bytes, startup_stm32f429xx.o(.text))
<BR>[Address Reference Count : 1]<UL><LI> startup_stm32f429xx.o(RESET)
</UL>
<P><STRONG><a name="[1e]"></a>CAN1_TX_IRQHandler</STRONG> (Thumb, 0 bytes, Stack size 0 bytes, startup_stm32f429xx.o(.text))
<BR>[Address Reference Count : 1]<UL><LI> startup_stm32f429xx.o(RESET)
</UL>
<P><STRONG><a name="[4b]"></a>CAN2_RX0_IRQHandler</STRONG> (Thumb, 0 bytes, Stack size 0 bytes, startup_stm32f429xx.o(.text))
<BR>[Address Reference Count : 1]<UL><LI> startup_stm32f429xx.o(RESET)
</UL>
<P><STRONG><a name="[4c]"></a>CAN2_RX1_IRQHandler</STRONG> (Thumb, 0 bytes, Stack size 0 bytes, startup_stm32f429xx.o(.text))
<BR>[Address Reference Count : 1]<UL><LI> startup_stm32f429xx.o(RESET)
</UL>
<P><STRONG><a name="[4d]"></a>CAN2_SCE_IRQHandler</STRONG> (Thumb, 0 bytes, Stack size 0 bytes, startup_stm32f429xx.o(.text))
<BR>[Address Reference Count : 1]<UL><LI> startup_stm32f429xx.o(RESET)
</UL>
<P><STRONG><a name="[4a]"></a>CAN2_TX_IRQHandler</STRONG> (Thumb, 0 bytes, Stack size 0 bytes, startup_stm32f429xx.o(.text))
<BR>[Address Reference Count : 1]<UL><LI> startup_stm32f429xx.o(RESET)
</UL>
<P><STRONG><a name="[59]"></a>DCMI_IRQHandler</STRONG> (Thumb, 0 bytes, Stack size 0 bytes, startup_stm32f429xx.o(.text))
<BR>[Address Reference Count : 1]<UL><LI> startup_stm32f429xx.o(RESET)
</UL>
<P><STRONG><a name="[16]"></a>DMA1_Stream0_IRQHandler</STRONG> (Thumb, 0 bytes, Stack size 0 bytes, startup_stm32f429xx.o(.text))
<BR>[Address Reference Count : 1]<UL><LI> startup_stm32f429xx.o(RESET)
</UL>
<P><STRONG><a name="[17]"></a>DMA1_Stream1_IRQHandler</STRONG> (Thumb, 0 bytes, Stack size 0 bytes, startup_stm32f429xx.o(.text))
<BR>[Address Reference Count : 1]<UL><LI> startup_stm32f429xx.o(RESET)
</UL>
<P><STRONG><a name="[18]"></a>DMA1_Stream2_IRQHandler</STRONG> (Thumb, 0 bytes, Stack size 0 bytes, startup_stm32f429xx.o(.text))
<BR>[Address Reference Count : 1]<UL><LI> startup_stm32f429xx.o(RESET)
</UL>
<P><STRONG><a name="[19]"></a>DMA1_Stream3_IRQHandler</STRONG> (Thumb, 0 bytes, Stack size 0 bytes, startup_stm32f429xx.o(.text))
<BR>[Address Reference Count : 1]<UL><LI> startup_stm32f429xx.o(RESET)
</UL>
<P><STRONG><a name="[1a]"></a>DMA1_Stream4_IRQHandler</STRONG> (Thumb, 0 bytes, Stack size 0 bytes, startup_stm32f429xx.o(.text))
<BR>[Address Reference Count : 1]<UL><LI> startup_stm32f429xx.o(RESET)
</UL>
<P><STRONG><a name="[1b]"></a>DMA1_Stream5_IRQHandler</STRONG> (Thumb, 0 bytes, Stack size 0 bytes, startup_stm32f429xx.o(.text))
<BR>[Address Reference Count : 1]<UL><LI> startup_stm32f429xx.o(RESET)
</UL>
<P><STRONG><a name="[1c]"></a>DMA1_Stream6_IRQHandler</STRONG> (Thumb, 0 bytes, Stack size 0 bytes, startup_stm32f429xx.o(.text))
<BR>[Address Reference Count : 1]<UL><LI> startup_stm32f429xx.o(RESET)
</UL>
<P><STRONG><a name="[3a]"></a>DMA1_Stream7_IRQHandler</STRONG> (Thumb, 0 bytes, Stack size 0 bytes, startup_stm32f429xx.o(.text))
<BR>[Address Reference Count : 1]<UL><LI> startup_stm32f429xx.o(RESET)
</UL>
<P><STRONG><a name="[64]"></a>DMA2D_IRQHandler</STRONG> (Thumb, 0 bytes, Stack size 0 bytes, startup_stm32f429xx.o(.text))
<BR>[Address Reference Count : 1]<UL><LI> startup_stm32f429xx.o(RESET)
</UL>
<P><STRONG><a name="[43]"></a>DMA2_Stream0_IRQHandler</STRONG> (Thumb, 0 bytes, Stack size 0 bytes, startup_stm32f429xx.o(.text))
<BR>[Address Reference Count : 1]<UL><LI> startup_stm32f429xx.o(RESET)
</UL>
<P><STRONG><a name="[44]"></a>DMA2_Stream1_IRQHandler</STRONG> (Thumb, 0 bytes, Stack size 0 bytes, startup_stm32f429xx.o(.text))
<BR>[Address Reference Count : 1]<UL><LI> startup_stm32f429xx.o(RESET)
</UL>
<P><STRONG><a name="[45]"></a>DMA2_Stream2_IRQHandler</STRONG> (Thumb, 0 bytes, Stack size 0 bytes, startup_stm32f429xx.o(.text))
<BR>[Address Reference Count : 1]<UL><LI> startup_stm32f429xx.o(RESET)
</UL>
<P><STRONG><a name="[46]"></a>DMA2_Stream3_IRQHandler</STRONG> (Thumb, 0 bytes, Stack size 0 bytes, startup_stm32f429xx.o(.text))
<BR>[Address Reference Count : 1]<UL><LI> startup_stm32f429xx.o(RESET)
</UL>
<P><STRONG><a name="[47]"></a>DMA2_Stream4_IRQHandler</STRONG> (Thumb, 0 bytes, Stack size 0 bytes, startup_stm32f429xx.o(.text))
<BR>[Address Reference Count : 1]<UL><LI> startup_stm32f429xx.o(RESET)
</UL>
<P><STRONG><a name="[4f]"></a>DMA2_Stream5_IRQHandler</STRONG> (Thumb, 0 bytes, Stack size 0 bytes, startup_stm32f429xx.o(.text))
<BR>[Address Reference Count : 1]<UL><LI> startup_stm32f429xx.o(RESET)
</UL>
<P><STRONG><a name="[50]"></a>DMA2_Stream6_IRQHandler</STRONG> (Thumb, 0 bytes, Stack size 0 bytes, startup_stm32f429xx.o(.text))
<BR>[Address Reference Count : 1]<UL><LI> startup_stm32f429xx.o(RESET)
</UL>
<P><STRONG><a name="[51]"></a>DMA2_Stream7_IRQHandler</STRONG> (Thumb, 0 bytes, Stack size 0 bytes, startup_stm32f429xx.o(.text))
<BR>[Address Reference Count : 1]<UL><LI> startup_stm32f429xx.o(RESET)
</UL>
<P><STRONG><a name="[48]"></a>ETH_IRQHandler</STRONG> (Thumb, 0 bytes, Stack size 0 bytes, startup_stm32f429xx.o(.text))
<BR>[Address Reference Count : 1]<UL><LI> startup_stm32f429xx.o(RESET)
</UL>
<P><STRONG><a name="[49]"></a>ETH_WKUP_IRQHandler</STRONG> (Thumb, 0 bytes, Stack size 0 bytes, startup_stm32f429xx.o(.text))
<BR>[Address Reference Count : 1]<UL><LI> startup_stm32f429xx.o(RESET)
</UL>
<P><STRONG><a name="[11]"></a>EXTI0_IRQHandler</STRONG> (Thumb, 0 bytes, Stack size 0 bytes, startup_stm32f429xx.o(.text))
<BR>[Address Reference Count : 1]<UL><LI> startup_stm32f429xx.o(RESET)
</UL>
<P><STRONG><a name="[33]"></a>EXTI15_10_IRQHandler</STRONG> (Thumb, 0 bytes, Stack size 0 bytes, startup_stm32f429xx.o(.text))
<BR>[Address Reference Count : 1]<UL><LI> startup_stm32f429xx.o(RESET)
</UL>
<P><STRONG><a name="[13]"></a>EXTI2_IRQHandler</STRONG> (Thumb, 0 bytes, Stack size 0 bytes, startup_stm32f429xx.o(.text))
<BR>[Address Reference Count : 1]<UL><LI> startup_stm32f429xx.o(RESET)
</UL>
<P><STRONG><a name="[14]"></a>EXTI3_IRQHandler</STRONG> (Thumb, 0 bytes, Stack size 0 bytes, startup_stm32f429xx.o(.text))
<BR>[Address Reference Count : 1]<UL><LI> startup_stm32f429xx.o(RESET)
</UL>
<P><STRONG><a name="[15]"></a>EXTI4_IRQHandler</STRONG> (Thumb, 0 bytes, Stack size 0 bytes, startup_stm32f429xx.o(.text))
<BR>[Address Reference Count : 1]<UL><LI> startup_stm32f429xx.o(RESET)
</UL>
<P><STRONG><a name="[22]"></a>EXTI9_5_IRQHandler</STRONG> (Thumb, 0 bytes, Stack size 0 bytes, startup_stm32f429xx.o(.text))
<BR>[Address Reference Count : 1]<UL><LI> startup_stm32f429xx.o(RESET)
</UL>
<P><STRONG><a name="[f]"></a>FLASH_IRQHandler</STRONG> (Thumb, 0 bytes, Stack size 0 bytes, startup_stm32f429xx.o(.text))
<BR>[Address Reference Count : 1]<UL><LI> startup_stm32f429xx.o(RESET)
</UL>
<P><STRONG><a name="[3b]"></a>FMC_IRQHandler</STRONG> (Thumb, 0 bytes, Stack size 0 bytes, startup_stm32f429xx.o(.text))
<BR>[Address Reference Count : 1]<UL><LI> startup_stm32f429xx.o(RESET)
</UL>
<P><STRONG><a name="[5b]"></a>FPU_IRQHandler</STRONG> (Thumb, 0 bytes, Stack size 0 bytes, startup_stm32f429xx.o(.text))
<BR>[Address Reference Count : 1]<UL><LI> startup_stm32f429xx.o(RESET)
</UL>
<P><STRONG><a name="[5a]"></a>HASH_RNG_IRQHandler</STRONG> (Thumb, 0 bytes, Stack size 0 bytes, startup_stm32f429xx.o(.text))
<BR>[Address Reference Count : 1]<UL><LI> startup_stm32f429xx.o(RESET)
</UL>
<P><STRONG><a name="[2b]"></a>I2C1_ER_IRQHandler</STRONG> (Thumb, 0 bytes, Stack size 0 bytes, startup_stm32f429xx.o(.text))
<BR>[Address Reference Count : 1]<UL><LI> startup_stm32f429xx.o(RESET)
</UL>
<P><STRONG><a name="[2a]"></a>I2C1_EV_IRQHandler</STRONG> (Thumb, 0 bytes, Stack size 0 bytes, startup_stm32f429xx.o(.text))
<BR>[Address Reference Count : 1]<UL><LI> startup_stm32f429xx.o(RESET)
</UL>
<P><STRONG><a name="[2d]"></a>I2C2_ER_IRQHandler</STRONG> (Thumb, 0 bytes, Stack size 0 bytes, startup_stm32f429xx.o(.text))
<BR>[Address Reference Count : 1]<UL><LI> startup_stm32f429xx.o(RESET)
</UL>
<P><STRONG><a name="[2c]"></a>I2C2_EV_IRQHandler</STRONG> (Thumb, 0 bytes, Stack size 0 bytes, startup_stm32f429xx.o(.text))
<BR>[Address Reference Count : 1]<UL><LI> startup_stm32f429xx.o(RESET)
</UL>
<P><STRONG><a name="[54]"></a>I2C3_ER_IRQHandler</STRONG> (Thumb, 0 bytes, Stack size 0 bytes, startup_stm32f429xx.o(.text))
<BR>[Address Reference Count : 1]<UL><LI> startup_stm32f429xx.o(RESET)
</UL>
<P><STRONG><a name="[53]"></a>I2C3_EV_IRQHandler</STRONG> (Thumb, 0 bytes, Stack size 0 bytes, startup_stm32f429xx.o(.text))
<BR>[Address Reference Count : 1]<UL><LI> startup_stm32f429xx.o(RESET)
</UL>
<P><STRONG><a name="[63]"></a>LTDC_ER_IRQHandler</STRONG> (Thumb, 0 bytes, Stack size 0 bytes, startup_stm32f429xx.o(.text))
<BR>[Address Reference Count : 1]<UL><LI> startup_stm32f429xx.o(RESET)
</UL>
<P><STRONG><a name="[62]"></a>LTDC_IRQHandler</STRONG> (Thumb, 0 bytes, Stack size 0 bytes, startup_stm32f429xx.o(.text))
<BR>[Address Reference Count : 1]<UL><LI> startup_stm32f429xx.o(RESET)
</UL>
<P><STRONG><a name="[4e]"></a>OTG_FS_IRQHandler</STRONG> (Thumb, 0 bytes, Stack size 0 bytes, startup_stm32f429xx.o(.text))
<BR>[Address Reference Count : 1]<UL><LI> startup_stm32f429xx.o(RESET)
</UL>
<P><STRONG><a name="[35]"></a>OTG_FS_WKUP_IRQHandler</STRONG> (Thumb, 0 bytes, Stack size 0 bytes, startup_stm32f429xx.o(.text))
<BR>[Address Reference Count : 1]<UL><LI> startup_stm32f429xx.o(RESET)
</UL>
<P><STRONG><a name="[56]"></a>OTG_HS_EP1_IN_IRQHandler</STRONG> (Thumb, 0 bytes, Stack size 0 bytes, startup_stm32f429xx.o(.text))
<BR>[Address Reference Count : 1]<UL><LI> startup_stm32f429xx.o(RESET)
</UL>
<P><STRONG><a name="[55]"></a>OTG_HS_EP1_OUT_IRQHandler</STRONG> (Thumb, 0 bytes, Stack size 0 bytes, startup_stm32f429xx.o(.text))
<BR>[Address Reference Count : 1]<UL><LI> startup_stm32f429xx.o(RESET)
</UL>
<P><STRONG><a name="[58]"></a>OTG_HS_IRQHandler</STRONG> (Thumb, 0 bytes, Stack size 0 bytes, startup_stm32f429xx.o(.text))
<BR>[Address Reference Count : 1]<UL><LI> startup_stm32f429xx.o(RESET)
</UL>
<P><STRONG><a name="[57]"></a>OTG_HS_WKUP_IRQHandler</STRONG> (Thumb, 0 bytes, Stack size 0 bytes, startup_stm32f429xx.o(.text))
<BR>[Address Reference Count : 1]<UL><LI> startup_stm32f429xx.o(RESET)
</UL>
<P><STRONG><a name="[c]"></a>PVD_IRQHandler</STRONG> (Thumb, 0 bytes, Stack size 0 bytes, startup_stm32f429xx.o(.text))
<BR>[Address Reference Count : 1]<UL><LI> startup_stm32f429xx.o(RESET)
</UL>
<P><STRONG><a name="[10]"></a>RCC_IRQHandler</STRONG> (Thumb, 0 bytes, Stack size 0 bytes, startup_stm32f429xx.o(.text))
<BR>[Address Reference Count : 1]<UL><LI> startup_stm32f429xx.o(RESET)
</UL>
<P><STRONG><a name="[34]"></a>RTC_Alarm_IRQHandler</STRONG> (Thumb, 0 bytes, Stack size 0 bytes, startup_stm32f429xx.o(.text))
<BR>[Address Reference Count : 1]<UL><LI> startup_stm32f429xx.o(RESET)
</UL>
<P><STRONG><a name="[e]"></a>RTC_WKUP_IRQHandler</STRONG> (Thumb, 0 bytes, Stack size 0 bytes, startup_stm32f429xx.o(.text))
<BR>[Address Reference Count : 1]<UL><LI> startup_stm32f429xx.o(RESET)
</UL>
<P><STRONG><a name="[61]"></a>SAI1_IRQHandler</STRONG> (Thumb, 0 bytes, Stack size 0 bytes, startup_stm32f429xx.o(.text))
<BR>[Address Reference Count : 1]<UL><LI> startup_stm32f429xx.o(RESET)
</UL>
<P><STRONG><a name="[3c]"></a>SDIO_IRQHandler</STRONG> (Thumb, 0 bytes, Stack size 0 bytes, startup_stm32f429xx.o(.text))
<BR>[Address Reference Count : 1]<UL><LI> startup_stm32f429xx.o(RESET)
</UL>
<P><STRONG><a name="[2e]"></a>SPI1_IRQHandler</STRONG> (Thumb, 0 bytes, Stack size 0 bytes, startup_stm32f429xx.o(.text))
<BR>[Address Reference Count : 1]<UL><LI> startup_stm32f429xx.o(RESET)
</UL>
<P><STRONG><a name="[2f]"></a>SPI2_IRQHandler</STRONG> (Thumb, 0 bytes, Stack size 0 bytes, startup_stm32f429xx.o(.text))
<BR>[Address Reference Count : 1]<UL><LI> startup_stm32f429xx.o(RESET)
</UL>
<P><STRONG><a name="[3e]"></a>SPI3_IRQHandler</STRONG> (Thumb, 0 bytes, Stack size 0 bytes, startup_stm32f429xx.o(.text))
<BR>[Address Reference Count : 1]<UL><LI> startup_stm32f429xx.o(RESET)
</UL>
<P><STRONG><a name="[5e]"></a>SPI4_IRQHandler</STRONG> (Thumb, 0 bytes, Stack size 0 bytes, startup_stm32f429xx.o(.text))
<BR>[Address Reference Count : 1]<UL><LI> startup_stm32f429xx.o(RESET)
</UL>
<P><STRONG><a name="[5f]"></a>SPI5_IRQHandler</STRONG> (Thumb, 0 bytes, Stack size 0 bytes, startup_stm32f429xx.o(.text))
<BR>[Address Reference Count : 1]<UL><LI> startup_stm32f429xx.o(RESET)
</UL>
<P><STRONG><a name="[60]"></a>SPI6_IRQHandler</STRONG> (Thumb, 0 bytes, Stack size 0 bytes, startup_stm32f429xx.o(.text))
<BR>[Address Reference Count : 1]<UL><LI> startup_stm32f429xx.o(RESET)
</UL>
<P><STRONG><a name="[d]"></a>TAMP_STAMP_IRQHandler</STRONG> (Thumb, 0 bytes, Stack size 0 bytes, startup_stm32f429xx.o(.text))
<BR>[Address Reference Count : 1]<UL><LI> startup_stm32f429xx.o(RESET)
</UL>
<P><STRONG><a name="[23]"></a>TIM1_BRK_TIM9_IRQHandler</STRONG> (Thumb, 0 bytes, Stack size 0 bytes, startup_stm32f429xx.o(.text))
<BR>[Address Reference Count : 1]<UL><LI> startup_stm32f429xx.o(RESET)
</UL>
<P><STRONG><a name="[26]"></a>TIM1_CC_IRQHandler</STRONG> (Thumb, 0 bytes, Stack size 0 bytes, startup_stm32f429xx.o(.text))
<BR>[Address Reference Count : 1]<UL><LI> startup_stm32f429xx.o(RESET)
</UL>
<P><STRONG><a name="[25]"></a>TIM1_TRG_COM_TIM11_IRQHandler</STRONG> (Thumb, 0 bytes, Stack size 0 bytes, startup_stm32f429xx.o(.text))
<BR>[Address Reference Count : 1]<UL><LI> startup_stm32f429xx.o(RESET)
</UL>
<P><STRONG><a name="[24]"></a>TIM1_UP_TIM10_IRQHandler</STRONG> (Thumb, 0 bytes, Stack size 0 bytes, startup_stm32f429xx.o(.text))
<BR>[Address Reference Count : 1]<UL><LI> startup_stm32f429xx.o(RESET)
</UL>
<P><STRONG><a name="[27]"></a>TIM2_IRQHandler</STRONG> (Thumb, 0 bytes, Stack size 0 bytes, startup_stm32f429xx.o(.text))
<BR>[Address Reference Count : 1]<UL><LI> startup_stm32f429xx.o(RESET)
</UL>
<P><STRONG><a name="[28]"></a>TIM3_IRQHandler</STRONG> (Thumb, 0 bytes, Stack size 0 bytes, startup_stm32f429xx.o(.text))
<BR>[Address Reference Count : 1]<UL><LI> startup_stm32f429xx.o(RESET)
</UL>
<P><STRONG><a name="[29]"></a>TIM4_IRQHandler</STRONG> (Thumb, 0 bytes, Stack size 0 bytes, startup_stm32f429xx.o(.text))
<BR>[Address Reference Count : 1]<UL><LI> startup_stm32f429xx.o(RESET)
</UL>
<P><STRONG><a name="[3d]"></a>TIM5_IRQHandler</STRONG> (Thumb, 0 bytes, Stack size 0 bytes, startup_stm32f429xx.o(.text))
<BR>[Address Reference Count : 1]<UL><LI> startup_stm32f429xx.o(RESET)
</UL>
<P><STRONG><a name="[41]"></a>TIM6_DAC_IRQHandler</STRONG> (Thumb, 0 bytes, Stack size 0 bytes, startup_stm32f429xx.o(.text))
<BR>[Address Reference Count : 1]<UL><LI> startup_stm32f429xx.o(RESET)
</UL>
<P><STRONG><a name="[42]"></a>TIM7_IRQHandler</STRONG> (Thumb, 0 bytes, Stack size 0 bytes, startup_stm32f429xx.o(.text))
<BR>[Address Reference Count : 1]<UL><LI> startup_stm32f429xx.o(RESET)
</UL>
<P><STRONG><a name="[36]"></a>TIM8_BRK_TIM12_IRQHandler</STRONG> (Thumb, 0 bytes, Stack size 0 bytes, startup_stm32f429xx.o(.text))
<BR>[Address Reference Count : 1]<UL><LI> startup_stm32f429xx.o(RESET)
</UL>
<P><STRONG><a name="[39]"></a>TIM8_CC_IRQHandler</STRONG> (Thumb, 0 bytes, Stack size 0 bytes, startup_stm32f429xx.o(.text))
<BR>[Address Reference Count : 1]<UL><LI> startup_stm32f429xx.o(RESET)
</UL>
<P><STRONG><a name="[38]"></a>TIM8_TRG_COM_TIM14_IRQHandler</STRONG> (Thumb, 0 bytes, Stack size 0 bytes, startup_stm32f429xx.o(.text))
<BR>[Address Reference Count : 1]<UL><LI> startup_stm32f429xx.o(RESET)
</UL>
<P><STRONG><a name="[37]"></a>TIM8_UP_TIM13_IRQHandler</STRONG> (Thumb, 0 bytes, Stack size 0 bytes, startup_stm32f429xx.o(.text))
<BR>[Address Reference Count : 1]<UL><LI> startup_stm32f429xx.o(RESET)
</UL>
<P><STRONG><a name="[3f]"></a>UART4_IRQHandler</STRONG> (Thumb, 0 bytes, Stack size 0 bytes, startup_stm32f429xx.o(.text))
<BR>[Address Reference Count : 1]<UL><LI> startup_stm32f429xx.o(RESET)
</UL>
<P><STRONG><a name="[40]"></a>UART5_IRQHandler</STRONG> (Thumb, 0 bytes, Stack size 0 bytes, startup_stm32f429xx.o(.text))
<BR>[Address Reference Count : 1]<UL><LI> startup_stm32f429xx.o(RESET)
</UL>
<P><STRONG><a name="[5c]"></a>UART7_IRQHandler</STRONG> (Thumb, 0 bytes, Stack size 0 bytes, startup_stm32f429xx.o(.text))
<BR>[Address Reference Count : 1]<UL><LI> startup_stm32f429xx.o(RESET)
</UL>
<P><STRONG><a name="[5d]"></a>UART8_IRQHandler</STRONG> (Thumb, 0 bytes, Stack size 0 bytes, startup_stm32f429xx.o(.text))
<BR>[Address Reference Count : 1]<UL><LI> startup_stm32f429xx.o(RESET)
</UL>
<P><STRONG><a name="[30]"></a>USART1_IRQHandler</STRONG> (Thumb, 0 bytes, Stack size 0 bytes, startup_stm32f429xx.o(.text))
<BR>[Address Reference Count : 1]<UL><LI> startup_stm32f429xx.o(RESET)
</UL>
<P><STRONG><a name="[31]"></a>USART2_IRQHandler</STRONG> (Thumb, 0 bytes, Stack size 0 bytes, startup_stm32f429xx.o(.text))
<BR>[Address Reference Count : 1]<UL><LI> startup_stm32f429xx.o(RESET)
</UL>
<P><STRONG><a name="[32]"></a>USART3_IRQHandler</STRONG> (Thumb, 0 bytes, Stack size 0 bytes, startup_stm32f429xx.o(.text))
<BR>[Address Reference Count : 1]<UL><LI> startup_stm32f429xx.o(RESET)
</UL>
<P><STRONG><a name="[52]"></a>USART6_IRQHandler</STRONG> (Thumb, 0 bytes, Stack size 0 bytes, startup_stm32f429xx.o(.text))
<BR>[Address Reference Count : 1]<UL><LI> startup_stm32f429xx.o(RESET)
</UL>
<P><STRONG><a name="[b]"></a>WWDG_IRQHandler</STRONG> (Thumb, 0 bytes, Stack size 0 bytes, startup_stm32f429xx.o(.text))
<BR>[Address Reference Count : 1]<UL><LI> startup_stm32f429xx.o(RESET)
</UL>
<P><STRONG><a name="[80]"></a>inv_init_maxmin</STRONG> (Thumb, 78 bytes, Stack size 8 bytes, fast_no_motion.o(.text))
<BR><BR>[Stack]<UL><LI>Max Depth = 8<LI>Call Chain = inv_init_maxmin
</UL>
<BR>[Called By]<UL><LI><a href="#[97]">&gt;&gt;</a>&nbsp;&nbsp;&nbsp;inv_start_fast_nomot
<LI><a href="#[96]">&gt;&gt;</a>&nbsp;&nbsp;&nbsp;inv_init_fast_nomot
<LI><a href="#[85]">&gt;&gt;</a>&nbsp;&nbsp;&nbsp;inv_detect_motion_by_gyro_accel
<LI><a href="#[7d]">&gt;&gt;</a>&nbsp;&nbsp;&nbsp;inv_fast_nomot_set_gyro_bias
<LI><a href="#[86]">&gt;&gt;</a>&nbsp;&nbsp;&nbsp;inv_reset_packet
</UL>

<P><STRONG><a name="[77]"></a>inv_fast_nomot_parameter</STRONG> (Thumb, 318 bytes, Stack size 48 bytes, fast_no_motion.o(.text))
<BR><BR>[Stack]<UL><LI>Max Depth = 68<LI>Call Chain = inv_fast_nomot_parameter &rArr; __aeabi_l2f &rArr; _float_epilogue
</UL>
<BR>[Calls]<UL><LI><a href="#[7b]">&gt;&gt;</a>&nbsp;&nbsp;&nbsp;__aeabi_lasr
<LI><a href="#[78]">&gt;&gt;</a>&nbsp;&nbsp;&nbsp;__aeabi_l2f
<LI><a href="#[79]">&gt;&gt;</a>&nbsp;&nbsp;&nbsp;__aeabi_fdiv
<LI><a href="#[7a]">&gt;&gt;</a>&nbsp;&nbsp;&nbsp;__aeabi_f2lz
</UL>
<BR>[Called By]<UL><LI><a href="#[85]">&gt;&gt;</a>&nbsp;&nbsp;&nbsp;inv_detect_motion_by_gyro_accel
</UL>

<P><STRONG><a name="[7c]"></a>inv_fast_nomot_parameter_3rd</STRONG> (Thumb, 180 bytes, Stack size 40 bytes, fast_no_motion.o(.text), UNUSED)
<BR><BR>[Calls]<UL><LI><a href="#[7b]">&gt;&gt;</a>&nbsp;&nbsp;&nbsp;__aeabi_lasr
<LI><a href="#[78]">&gt;&gt;</a>&nbsp;&nbsp;&nbsp;__aeabi_l2f
<LI><a href="#[79]">&gt;&gt;</a>&nbsp;&nbsp;&nbsp;__aeabi_fdiv
<LI><a href="#[7a]">&gt;&gt;</a>&nbsp;&nbsp;&nbsp;__aeabi_f2lz
</UL>

<P><STRONG><a name="[7d]"></a>inv_fast_nomot_set_gyro_bias</STRONG> (Thumb, 232 bytes, Stack size 40 bytes, fast_no_motion.o(.text))
<BR><BR>[Stack]<UL><LI>Max Depth = 96<LI>Call Chain = inv_fast_nomot_set_gyro_bias &rArr; inv_set_gyro_bias &rArr; inv_apply_calibration &rArr; inv_convert_to_body_with_scale
</UL>
<BR>[Calls]<UL><LI><a href="#[81]">&gt;&gt;</a>&nbsp;&nbsp;&nbsp;inv_q30_mult
<LI><a href="#[82]">&gt;&gt;</a>&nbsp;&nbsp;&nbsp;inv_set_gyro_bias
<LI><a href="#[83]">&gt;&gt;</a>&nbsp;&nbsp;&nbsp;inv_set_motion_state
<LI><a href="#[7f]">&gt;&gt;</a>&nbsp;&nbsp;&nbsp;__aeabi_memclr4
<LI><a href="#[7e]">&gt;&gt;</a>&nbsp;&nbsp;&nbsp;__aeabi_llsl
<LI><a href="#[80]">&gt;&gt;</a>&nbsp;&nbsp;&nbsp;inv_init_maxmin
</UL>
<BR>[Called By]<UL><LI><a href="#[8c]">&gt;&gt;</a>&nbsp;&nbsp;&nbsp;inv_generate_fast_nomot
</UL>

<P><STRONG><a name="[1cc]"></a>inv_set_fast_nomot_compass_threshold</STRONG> (Thumb, 8 bytes, Stack size 0 bytes, fast_no_motion.o(.text), UNUSED)

<P><STRONG><a name="[1cd]"></a>int_set_fast_nomot_gyro_threshold</STRONG> (Thumb, 8 bytes, Stack size 0 bytes, fast_no_motion.o(.text), UNUSED)

<P><STRONG><a name="[1ce]"></a>inv_set_fast_nomot_accel_threshold</STRONG> (Thumb, 8 bytes, Stack size 0 bytes, fast_no_motion.o(.text), UNUSED)

<P><STRONG><a name="[1cf]"></a>inv_get_fast_nomot_compass_param</STRONG> (Thumb, 18 bytes, Stack size 0 bytes, fast_no_motion.o(.text), UNUSED)

<P><STRONG><a name="[1d0]"></a>inv_get_fast_nomot_accel_param</STRONG> (Thumb, 18 bytes, Stack size 0 bytes, fast_no_motion.o(.text), UNUSED)

<P><STRONG><a name="[8a]"></a>inv_fast_nomot_store_data</STRONG> (Thumb, 140 bytes, Stack size 44 bytes, fast_no_motion.o(.text))
<BR><BR>[Stack]<UL><LI>Max Depth = 44<LI>Call Chain = inv_fast_nomot_store_data
</UL>
<BR>[Called By]<UL><LI><a href="#[89]">&gt;&gt;</a>&nbsp;&nbsp;&nbsp;inv_sensor_data_preprocess
</UL>

<P><STRONG><a name="[8b]"></a>inv_fast_nomot_store_data_compass</STRONG> (Thumb, 74 bytes, Stack size 12 bytes, fast_no_motion.o(.text))
<BR><BR>[Stack]<UL><LI>Max Depth = 12<LI>Call Chain = inv_fast_nomot_store_data_compass
</UL>
<BR>[Called By]<UL><LI><a href="#[89]">&gt;&gt;</a>&nbsp;&nbsp;&nbsp;inv_sensor_data_preprocess
</UL>

<P><STRONG><a name="[8f]"></a>inv_fast_nomot_reset_data_compass</STRONG> (Thumb, 36 bytes, Stack size 8 bytes, fast_no_motion.o(.text))
<BR><BR>[Stack]<UL><LI>Max Depth = 8<LI>Call Chain = inv_fast_nomot_reset_data_compass
</UL>
<BR>[Called By]<UL><LI><a href="#[8c]">&gt;&gt;</a>&nbsp;&nbsp;&nbsp;inv_generate_fast_nomot
</UL>

<P><STRONG><a name="[92]"></a>inv_fast_nomot_get_time_elaps</STRONG> (Thumb, 8 bytes, Stack size 0 bytes, fast_no_motion.o(.text))
<BR><BR>[Called By]<UL><LI><a href="#[8c]">&gt;&gt;</a>&nbsp;&nbsp;&nbsp;inv_generate_fast_nomot
</UL>

<P><STRONG><a name="[91]"></a>inv_fast_nomot_parameter_compass</STRONG> (Thumb, 22 bytes, Stack size 0 bytes, fast_no_motion.o(.text))
<BR><BR>[Called By]<UL><LI><a href="#[8c]">&gt;&gt;</a>&nbsp;&nbsp;&nbsp;inv_generate_fast_nomot
</UL>

<P><STRONG><a name="[84]"></a>inv_get_right_shift_by_rounding</STRONG> (Thumb, 76 bytes, Stack size 32 bytes, fast_no_motion.o(.text), UNUSED)
<BR><BR>[Calls]<UL><LI><a href="#[7b]">&gt;&gt;</a>&nbsp;&nbsp;&nbsp;__aeabi_lasr
<LI><a href="#[7e]">&gt;&gt;</a>&nbsp;&nbsp;&nbsp;__aeabi_llsl
</UL>

<P><STRONG><a name="[90]"></a>inv_reset_min_max_gyro_accel_statistics</STRONG> (Thumb, 38 bytes, Stack size 0 bytes, fast_no_motion.o(.text))
<BR><BR>[Called By]<UL><LI><a href="#[8c]">&gt;&gt;</a>&nbsp;&nbsp;&nbsp;inv_generate_fast_nomot
</UL>

<P><STRONG><a name="[94]"></a>inv_record_max_moment_in_no_motion_gyro</STRONG> (Thumb, 32 bytes, Stack size 12 bytes, fast_no_motion.o(.text))
<BR><BR>[Stack]<UL><LI>Max Depth = 12<LI>Call Chain = inv_record_max_moment_in_no_motion_gyro
</UL>
<BR>[Called By]<UL><LI><a href="#[8c]">&gt;&gt;</a>&nbsp;&nbsp;&nbsp;inv_generate_fast_nomot
</UL>

<P><STRONG><a name="[93]"></a>inv_record_max_moment_in_no_motion_accel</STRONG> (Thumb, 32 bytes, Stack size 12 bytes, fast_no_motion.o(.text))
<BR><BR>[Stack]<UL><LI>Max Depth = 12<LI>Call Chain = inv_record_max_moment_in_no_motion_accel
</UL>
<BR>[Called By]<UL><LI><a href="#[8c]">&gt;&gt;</a>&nbsp;&nbsp;&nbsp;inv_generate_fast_nomot
</UL>

<P><STRONG><a name="[88]"></a>inv_record_min_moment_in_motion_gyro</STRONG> (Thumb, 34 bytes, Stack size 12 bytes, fast_no_motion.o(.text))
<BR><BR>[Stack]<UL><LI>Max Depth = 12<LI>Call Chain = inv_record_min_moment_in_motion_gyro
</UL>
<BR>[Called By]<UL><LI><a href="#[85]">&gt;&gt;</a>&nbsp;&nbsp;&nbsp;inv_detect_motion_by_gyro_accel
</UL>

<P><STRONG><a name="[87]"></a>inv_record_min_moment_in_motion_accel</STRONG> (Thumb, 34 bytes, Stack size 12 bytes, fast_no_motion.o(.text))
<BR><BR>[Stack]<UL><LI>Max Depth = 12<LI>Call Chain = inv_record_min_moment_in_motion_accel
</UL>
<BR>[Called By]<UL><LI><a href="#[85]">&gt;&gt;</a>&nbsp;&nbsp;&nbsp;inv_detect_motion_by_gyro_accel
</UL>

<P><STRONG><a name="[85]"></a>inv_detect_motion_by_gyro_accel</STRONG> (Thumb, 214 bytes, Stack size 32 bytes, fast_no_motion.o(.text))
<BR><BR>[Stack]<UL><LI>Max Depth = 100<LI>Call Chain = inv_detect_motion_by_gyro_accel &rArr; inv_fast_nomot_parameter &rArr; __aeabi_l2f &rArr; _float_epilogue
</UL>
<BR>[Calls]<UL><LI><a href="#[7f]">&gt;&gt;</a>&nbsp;&nbsp;&nbsp;__aeabi_memclr4
<LI><a href="#[87]">&gt;&gt;</a>&nbsp;&nbsp;&nbsp;inv_record_min_moment_in_motion_accel
<LI><a href="#[88]">&gt;&gt;</a>&nbsp;&nbsp;&nbsp;inv_record_min_moment_in_motion_gyro
<LI><a href="#[77]">&gt;&gt;</a>&nbsp;&nbsp;&nbsp;inv_fast_nomot_parameter
<LI><a href="#[80]">&gt;&gt;</a>&nbsp;&nbsp;&nbsp;inv_init_maxmin
<LI><a href="#[86]">&gt;&gt;</a>&nbsp;&nbsp;&nbsp;inv_reset_packet
</UL>
<BR>[Called By]<UL><LI><a href="#[8c]">&gt;&gt;</a>&nbsp;&nbsp;&nbsp;inv_generate_fast_nomot
</UL>

<P><STRONG><a name="[89]"></a>inv_sensor_data_preprocess</STRONG> (Thumb, 132 bytes, Stack size 20 bytes, fast_no_motion.o(.text))
<BR><BR>[Stack]<UL><LI>Max Depth = 64<LI>Call Chain = inv_sensor_data_preprocess &rArr; inv_fast_nomot_store_data
</UL>
<BR>[Calls]<UL><LI><a href="#[8b]">&gt;&gt;</a>&nbsp;&nbsp;&nbsp;inv_fast_nomot_store_data_compass
<LI><a href="#[8a]">&gt;&gt;</a>&nbsp;&nbsp;&nbsp;inv_fast_nomot_store_data
</UL>
<BR>[Called By]<UL><LI><a href="#[8c]">&gt;&gt;</a>&nbsp;&nbsp;&nbsp;inv_generate_fast_nomot
</UL>

<P><STRONG><a name="[8c]"></a>inv_generate_fast_nomot</STRONG> (Thumb, 498 bytes, Stack size 32 bytes, fast_no_motion.o(.text))
<BR><BR>[Stack]<UL><LI>Max Depth = 132<LI>Call Chain = inv_generate_fast_nomot &rArr; inv_detect_motion_by_gyro_accel &rArr; inv_fast_nomot_parameter &rArr; __aeabi_l2f &rArr; _float_epilogue
</UL>
<BR>[Calls]<UL><LI><a href="#[83]">&gt;&gt;</a>&nbsp;&nbsp;&nbsp;inv_set_motion_state
<LI><a href="#[8e]">&gt;&gt;</a>&nbsp;&nbsp;&nbsp;sqrtf
<LI><a href="#[8d]">&gt;&gt;</a>&nbsp;&nbsp;&nbsp;__aeabi_i2f
<LI><a href="#[89]">&gt;&gt;</a>&nbsp;&nbsp;&nbsp;inv_sensor_data_preprocess
<LI><a href="#[85]">&gt;&gt;</a>&nbsp;&nbsp;&nbsp;inv_detect_motion_by_gyro_accel
<LI><a href="#[93]">&gt;&gt;</a>&nbsp;&nbsp;&nbsp;inv_record_max_moment_in_no_motion_accel
<LI><a href="#[94]">&gt;&gt;</a>&nbsp;&nbsp;&nbsp;inv_record_max_moment_in_no_motion_gyro
<LI><a href="#[90]">&gt;&gt;</a>&nbsp;&nbsp;&nbsp;inv_reset_min_max_gyro_accel_statistics
<LI><a href="#[91]">&gt;&gt;</a>&nbsp;&nbsp;&nbsp;inv_fast_nomot_parameter_compass
<LI><a href="#[92]">&gt;&gt;</a>&nbsp;&nbsp;&nbsp;inv_fast_nomot_get_time_elaps
<LI><a href="#[8f]">&gt;&gt;</a>&nbsp;&nbsp;&nbsp;inv_fast_nomot_reset_data_compass
<LI><a href="#[7d]">&gt;&gt;</a>&nbsp;&nbsp;&nbsp;inv_fast_nomot_set_gyro_bias
<LI><a href="#[86]">&gt;&gt;</a>&nbsp;&nbsp;&nbsp;inv_reset_packet
</UL>
<BR>[Address Reference Count : 1]<UL><LI> fast_no_motion.o(.text)
</UL>
<P><STRONG><a name="[95]"></a>inv_set_default_number_of_samples</STRONG> (Thumb, 56 bytes, Stack size 8 bytes, fast_no_motion.o(.text))
<BR><BR>[Stack]<UL><LI>Max Depth = 24<LI>Call Chain = inv_set_default_number_of_samples &rArr; sqrtf
</UL>
<BR>[Calls]<UL><LI><a href="#[8e]">&gt;&gt;</a>&nbsp;&nbsp;&nbsp;sqrtf
<LI><a href="#[8d]">&gt;&gt;</a>&nbsp;&nbsp;&nbsp;__aeabi_i2f
</UL>
<BR>[Called By]<UL><LI><a href="#[96]">&gt;&gt;</a>&nbsp;&nbsp;&nbsp;inv_init_fast_nomot
</UL>

<P><STRONG><a name="[96]"></a>inv_init_fast_nomot</STRONG> (Thumb, 78 bytes, Stack size 8 bytes, fast_no_motion.o(.text))
<BR><BR>[Stack]<UL><LI>Max Depth = 32<LI>Call Chain = inv_init_fast_nomot &rArr; inv_set_default_number_of_samples &rArr; sqrtf
</UL>
<BR>[Calls]<UL><LI><a href="#[7f]">&gt;&gt;</a>&nbsp;&nbsp;&nbsp;__aeabi_memclr4
<LI><a href="#[95]">&gt;&gt;</a>&nbsp;&nbsp;&nbsp;inv_set_default_number_of_samples
<LI><a href="#[80]">&gt;&gt;</a>&nbsp;&nbsp;&nbsp;inv_init_maxmin
</UL>
<BR>[Called By]<UL><LI><a href="#[9c]">&gt;&gt;</a>&nbsp;&nbsp;&nbsp;inv_enable_fast_nomot
</UL>

<P><STRONG><a name="[97]"></a>inv_start_fast_nomot</STRONG> (Thumb, 56 bytes, Stack size 8 bytes, fast_no_motion.o(.text))
<BR><BR>[Stack]<UL><LI>Max Depth = 448<LI>Call Chain = inv_start_fast_nomot &rArr; inv_register_data_cb &rArr; _MLPrintLog &rArr; fputcc &rArr; Sensors_UART_SendChar &rArr; HAL_UART_Transmit &rArr; UART_WaitOnFlagUntilTimeout
</UL>
<BR>[Calls]<UL><LI><a href="#[98]">&gt;&gt;</a>&nbsp;&nbsp;&nbsp;inv_set_message
<LI><a href="#[99]">&gt;&gt;</a>&nbsp;&nbsp;&nbsp;inv_register_data_cb
<LI><a href="#[7f]">&gt;&gt;</a>&nbsp;&nbsp;&nbsp;__aeabi_memclr4
<LI><a href="#[80]">&gt;&gt;</a>&nbsp;&nbsp;&nbsp;inv_init_maxmin
</UL>
<BR>[Address Reference Count : 1]<UL><LI> fast_no_motion.o(.text)
</UL>
<P><STRONG><a name="[9a]"></a>inv_stop_fast_nomot</STRONG> (Thumb, 20 bytes, Stack size 8 bytes, fast_no_motion.o(.text), UNUSED)
<BR><BR>[Calls]<UL><LI><a href="#[9b]">&gt;&gt;</a>&nbsp;&nbsp;&nbsp;inv_unregister_data_cb
<LI><a href="#[83]">&gt;&gt;</a>&nbsp;&nbsp;&nbsp;inv_set_motion_state
</UL>
<BR>[Called By]<UL><LI><a href="#[9e]">&gt;&gt;</a>&nbsp;&nbsp;&nbsp;inv_disable_fast_nomot
</UL>

<P><STRONG><a name="[9c]"></a>inv_enable_fast_nomot</STRONG> (Thumb, 24 bytes, Stack size 8 bytes, fast_no_motion.o(.text))
<BR><BR>[Stack]<UL><LI>Max Depth = 40<LI>Call Chain = inv_enable_fast_nomot &rArr; inv_init_fast_nomot &rArr; inv_set_default_number_of_samples &rArr; sqrtf
</UL>
<BR>[Calls]<UL><LI><a href="#[9d]">&gt;&gt;</a>&nbsp;&nbsp;&nbsp;inv_register_mpl_start_notification
<LI><a href="#[96]">&gt;&gt;</a>&nbsp;&nbsp;&nbsp;inv_init_fast_nomot
</UL>
<BR>[Called By]<UL><LI><a href="#[65]">&gt;&gt;</a>&nbsp;&nbsp;&nbsp;main
</UL>

<P><STRONG><a name="[9e]"></a>inv_disable_fast_nomot</STRONG> (Thumb, 18 bytes, Stack size 8 bytes, fast_no_motion.o(.text), UNUSED)
<BR><BR>[Calls]<UL><LI><a href="#[9f]">&gt;&gt;</a>&nbsp;&nbsp;&nbsp;inv_unregister_mpl_start_notification
<LI><a href="#[9a]">&gt;&gt;</a>&nbsp;&nbsp;&nbsp;inv_stop_fast_nomot
</UL>

<P><STRONG><a name="[1d1]"></a>inv_get_fnm_gyro_no_motion_param</STRONG> (Thumb, 8 bytes, Stack size 0 bytes, fast_no_motion.o(.text), UNUSED)

<P><STRONG><a name="[1d2]"></a>inv_fnm_debug_print</STRONG> (Thumb, 2 bytes, Stack size 0 bytes, fast_no_motion.o(.text), UNUSED)

<P><STRONG><a name="[a0]"></a>inv_filter_correction_angle</STRONG> (Thumb, 364 bytes, Stack size 48 bytes, fusion_9axis.o(.text))
<BR><BR>[Stack]<UL><LI>Max Depth = 136<LI>Call Chain = inv_filter_correction_angle &rArr; __aeabi_dmul &rArr; _double_epilogue &rArr; _double_round
</UL>
<BR>[Calls]<UL><LI><a href="#[a6]">&gt;&gt;</a>&nbsp;&nbsp;&nbsp;__aeabi_i2d
<LI><a href="#[a7]">&gt;&gt;</a>&nbsp;&nbsp;&nbsp;__aeabi_f2d
<LI><a href="#[a9]">&gt;&gt;</a>&nbsp;&nbsp;&nbsp;__aeabi_dmul
<LI><a href="#[a8]">&gt;&gt;</a>&nbsp;&nbsp;&nbsp;__aeabi_ddiv
<LI><a href="#[aa]">&gt;&gt;</a>&nbsp;&nbsp;&nbsp;__aeabi_d2f
<LI><a href="#[a1]">&gt;&gt;</a>&nbsp;&nbsp;&nbsp;__aeabi_memmove4
<LI><a href="#[a4]">&gt;&gt;</a>&nbsp;&nbsp;&nbsp;__aeabi_fsub
<LI><a href="#[a3]">&gt;&gt;</a>&nbsp;&nbsp;&nbsp;__aeabi_fmul
<LI><a href="#[a2]">&gt;&gt;</a>&nbsp;&nbsp;&nbsp;__aeabi_fadd
<LI><a href="#[a5]">&gt;&gt;</a>&nbsp;&nbsp;&nbsp;__aeabi_cfrcmple
<LI><a href="#[8d]">&gt;&gt;</a>&nbsp;&nbsp;&nbsp;__aeabi_i2f
<LI><a href="#[79]">&gt;&gt;</a>&nbsp;&nbsp;&nbsp;__aeabi_fdiv
</UL>
<BR>[Called By]<UL><LI><a href="#[ab]">&gt;&gt;</a>&nbsp;&nbsp;&nbsp;inv_perform_9x_fusion
</UL>

<P><STRONG><a name="[ab]"></a>inv_perform_9x_fusion</STRONG> (Thumb, 840 bytes, Stack size 208 bytes, fusion_9axis.o(.text))
<BR><BR>[Stack]<UL><LI>Max Depth = 352<LI>Call Chain = inv_perform_9x_fusion &rArr; inv_find_synchronized_compass_angle &rArr; inv_compass_angle &rArr; __hardfp_atan2f
</UL>
<BR>[Calls]<UL><LI><a href="#[ae]">&gt;&gt;</a>&nbsp;&nbsp;&nbsp;inv_get_gravity
<LI><a href="#[b1]">&gt;&gt;</a>&nbsp;&nbsp;&nbsp;inv_quaternion_to_rotation
<LI><a href="#[ba]">&gt;&gt;</a>&nbsp;&nbsp;&nbsp;inv_set_compass_correction
<LI><a href="#[ad]">&gt;&gt;</a>&nbsp;&nbsp;&nbsp;inv_get_6axis_quaternion
<LI><a href="#[b9]">&gt;&gt;</a>&nbsp;&nbsp;&nbsp;inv_q_normalizef
<LI><a href="#[b7]">&gt;&gt;</a>&nbsp;&nbsp;&nbsp;inv_q_multf
<LI><a href="#[b2]">&gt;&gt;</a>&nbsp;&nbsp;&nbsp;inv_q_mult
<LI><a href="#[b3]">&gt;&gt;</a>&nbsp;&nbsp;&nbsp;inv_q_invert
<LI><a href="#[b0]">&gt;&gt;</a>&nbsp;&nbsp;&nbsp;inv_get_gyro_sum_of_sqr
<LI><a href="#[b5]">&gt;&gt;</a>&nbsp;&nbsp;&nbsp;sinf
<LI><a href="#[b4]">&gt;&gt;</a>&nbsp;&nbsp;&nbsp;cosf
<LI><a href="#[b8]">&gt;&gt;</a>&nbsp;&nbsp;&nbsp;inv_get_magnetic_disturbance_state
<LI><a href="#[a3]">&gt;&gt;</a>&nbsp;&nbsp;&nbsp;__aeabi_fmul
<LI><a href="#[b6]">&gt;&gt;</a>&nbsp;&nbsp;&nbsp;__aeabi_f2iz
<LI><a href="#[ac]">&gt;&gt;</a>&nbsp;&nbsp;&nbsp;__ARM_scalbnf
<LI><a href="#[a0]">&gt;&gt;</a>&nbsp;&nbsp;&nbsp;inv_filter_correction_angle
<LI><a href="#[af]">&gt;&gt;</a>&nbsp;&nbsp;&nbsp;inv_find_synchronized_compass_angle
<LI><a href="#[8d]">&gt;&gt;</a>&nbsp;&nbsp;&nbsp;__aeabi_i2f
<LI><a href="#[79]">&gt;&gt;</a>&nbsp;&nbsp;&nbsp;__aeabi_fdiv
</UL>
<BR>[Called By]<UL><LI><a href="#[bb]">&gt;&gt;</a>&nbsp;&nbsp;&nbsp;inv_process_9x_sensor_fusion_cb
</UL>

<P><STRONG><a name="[bb]"></a>inv_process_9x_sensor_fusion_cb</STRONG> (Thumb, 120 bytes, Stack size 16 bytes, fusion_9axis.o(.text))
<BR><BR>[Stack]<UL><LI>Max Depth = 368<LI>Call Chain = inv_process_9x_sensor_fusion_cb &rArr; inv_perform_9x_fusion &rArr; inv_find_synchronized_compass_angle &rArr; inv_compass_angle &rArr; __hardfp_atan2f
</UL>
<BR>[Calls]<UL><LI><a href="#[ab]">&gt;&gt;</a>&nbsp;&nbsp;&nbsp;inv_perform_9x_fusion
</UL>
<BR>[Address Reference Count : 1]<UL><LI> fusion_9axis.o(.text)
</UL>
<P><STRONG><a name="[bc]"></a>inv_init_9x_fusion</STRONG> (Thumb, 50 bytes, Stack size 8 bytes, fusion_9axis.o(.text))
<BR><BR>[Stack]<UL><LI>Max Depth = 20<LI>Call Chain = inv_init_9x_fusion &rArr; inv_set_compass_correction
</UL>
<BR>[Calls]<UL><LI><a href="#[ba]">&gt;&gt;</a>&nbsp;&nbsp;&nbsp;inv_set_compass_correction
<LI><a href="#[7f]">&gt;&gt;</a>&nbsp;&nbsp;&nbsp;__aeabi_memclr4
</UL>
<BR>[Called By]<UL><LI><a href="#[bf]">&gt;&gt;</a>&nbsp;&nbsp;&nbsp;inv_enable_9x_sensor_fusion
</UL>

<P><STRONG><a name="[1d3]"></a>inv_9x_fusion_set_mag_fb</STRONG> (Thumb, 10 bytes, Stack size 0 bytes, fusion_9axis.o(.text), UNUSED)

<P><STRONG><a name="[1d4]"></a>inv_9x_fusion_enable_jitter_reduction</STRONG> (Thumb, 10 bytes, Stack size 0 bytes, fusion_9axis.o(.text), UNUSED)

<P><STRONG><a name="[1d5]"></a>inv_9x_fusion_use_timestamps</STRONG> (Thumb, 10 bytes, Stack size 0 bytes, fusion_9axis.o(.text), UNUSED)

<P><STRONG><a name="[bd]"></a>inv_start_9x_sensor_fusion</STRONG> (Thumb, 14 bytes, Stack size 0 bytes, fusion_9axis.o(.text))
<BR><BR>[Stack]<UL><LI>Max Depth = 440<LI>Call Chain = inv_start_9x_sensor_fusion &rArr; inv_register_data_cb &rArr; _MLPrintLog &rArr; fputcc &rArr; Sensors_UART_SendChar &rArr; HAL_UART_Transmit &rArr; UART_WaitOnFlagUntilTimeout
</UL>
<BR>[Calls]<UL><LI><a href="#[99]">&gt;&gt;</a>&nbsp;&nbsp;&nbsp;inv_register_data_cb
</UL>
<BR>[Address Reference Count : 1]<UL><LI> fusion_9axis.o(.text)
</UL>
<P><STRONG><a name="[be]"></a>inv_stop_9x_sensor_fusion</STRONG> (Thumb, 8 bytes, Stack size 0 bytes, fusion_9axis.o(.text), UNUSED)
<BR><BR>[Calls]<UL><LI><a href="#[9b]">&gt;&gt;</a>&nbsp;&nbsp;&nbsp;inv_unregister_data_cb
</UL>

<P><STRONG><a name="[bf]"></a>inv_enable_9x_sensor_fusion</STRONG> (Thumb, 30 bytes, Stack size 8 bytes, fusion_9axis.o(.text))
<BR><BR>[Stack]<UL><LI>Max Depth = 28<LI>Call Chain = inv_enable_9x_sensor_fusion &rArr; inv_init_9x_fusion &rArr; inv_set_compass_correction
</UL>
<BR>[Calls]<UL><LI><a href="#[9d]">&gt;&gt;</a>&nbsp;&nbsp;&nbsp;inv_register_mpl_start_notification
<LI><a href="#[bc]">&gt;&gt;</a>&nbsp;&nbsp;&nbsp;inv_init_9x_fusion
</UL>
<BR>[Called By]<UL><LI><a href="#[65]">&gt;&gt;</a>&nbsp;&nbsp;&nbsp;main
</UL>

<P><STRONG><a name="[c0]"></a>inv_disable_9x_sensor_fusion</STRONG> (Thumb, 8 bytes, Stack size 0 bytes, fusion_9axis.o(.text), UNUSED)
<BR><BR>[Calls]<UL><LI><a href="#[9f]">&gt;&gt;</a>&nbsp;&nbsp;&nbsp;inv_unregister_mpl_start_notification
</UL>

<P><STRONG><a name="[ca]"></a>inv_init_gyro_ts</STRONG> (Thumb, 46 bytes, Stack size 8 bytes, gyro_tc.o(.text))
<BR><BR>[Stack]<UL><LI>Max Depth = 8<LI>Call Chain = inv_init_gyro_ts
</UL>
<BR>[Calls]<UL><LI><a href="#[7f]">&gt;&gt;</a>&nbsp;&nbsp;&nbsp;__aeabi_memclr4
</UL>
<BR>[Called By]<UL><LI><a href="#[cd]">&gt;&gt;</a>&nbsp;&nbsp;&nbsp;inv_enable_gyro_tc
</UL>

<P><STRONG><a name="[1d6]"></a>inv_set_gtc_max_temp</STRONG> (Thumb, 10 bytes, Stack size 0 bytes, gyro_tc.o(.text), UNUSED)

<P><STRONG><a name="[1d7]"></a>inv_set_gtc_min_temp</STRONG> (Thumb, 10 bytes, Stack size 0 bytes, gyro_tc.o(.text), UNUSED)

<P><STRONG><a name="[1d8]"></a>inv_set_gtc_min_diff</STRONG> (Thumb, 10 bytes, Stack size 0 bytes, gyro_tc.o(.text), UNUSED)

<P><STRONG><a name="[1d9]"></a>inv_get_gyro_ts</STRONG> (Thumb, 30 bytes, Stack size 0 bytes, gyro_tc.o(.text), UNUSED)

<P><STRONG><a name="[1da]"></a>inv_set_gyro_ts</STRONG> (Thumb, 16 bytes, Stack size 0 bytes, gyro_tc.o(.text), UNUSED)

<P><STRONG><a name="[1db]"></a>inv_set_gtc_order</STRONG> (Thumb, 16 bytes, Stack size 0 bytes, gyro_tc.o(.text), UNUSED)

<P><STRONG><a name="[1dc]"></a>inv_print_gtc_data</STRONG> (Thumb, 62 bytes, Stack size 0 bytes, gyro_tc.o(.text), UNUSED)

<P><STRONG><a name="[cb]"></a>inv_start_gyro_tc</STRONG> (Thumb, 10 bytes, Stack size 0 bytes, gyro_tc.o(.text))
<BR><BR>[Stack]<UL><LI>Max Depth = 440<LI>Call Chain = inv_start_gyro_tc &rArr; inv_register_data_cb &rArr; _MLPrintLog &rArr; fputcc &rArr; Sensors_UART_SendChar &rArr; HAL_UART_Transmit &rArr; UART_WaitOnFlagUntilTimeout
</UL>
<BR>[Calls]<UL><LI><a href="#[99]">&gt;&gt;</a>&nbsp;&nbsp;&nbsp;inv_register_data_cb
</UL>
<BR>[Address Reference Count : 1]<UL><LI> gyro_tc.o(.text)
</UL>
<P><STRONG><a name="[cc]"></a>inv_stop_gyro_tc</STRONG> (Thumb, 6 bytes, Stack size 0 bytes, gyro_tc.o(.text), UNUSED)
<BR><BR>[Calls]<UL><LI><a href="#[9b]">&gt;&gt;</a>&nbsp;&nbsp;&nbsp;inv_unregister_data_cb
</UL>

<P><STRONG><a name="[cd]"></a>inv_enable_gyro_tc</STRONG> (Thumb, 48 bytes, Stack size 8 bytes, gyro_tc.o(.text))
<BR><BR>[Stack]<UL><LI>Max Depth = 28<LI>Call Chain = inv_enable_gyro_tc &rArr; inv_register_load_store
</UL>
<BR>[Calls]<UL><LI><a href="#[ce]">&gt;&gt;</a>&nbsp;&nbsp;&nbsp;inv_register_load_store
<LI><a href="#[9d]">&gt;&gt;</a>&nbsp;&nbsp;&nbsp;inv_register_mpl_start_notification
<LI><a href="#[ca]">&gt;&gt;</a>&nbsp;&nbsp;&nbsp;inv_init_gyro_ts
</UL>
<BR>[Called By]<UL><LI><a href="#[65]">&gt;&gt;</a>&nbsp;&nbsp;&nbsp;main
</UL>

<P><STRONG><a name="[cf]"></a>inv_disable_gyro_tc</STRONG> (Thumb, 40 bytes, Stack size 8 bytes, gyro_tc.o(.text), UNUSED)
<BR><BR>[Calls]<UL><LI><a href="#[9f]">&gt;&gt;</a>&nbsp;&nbsp;&nbsp;inv_unregister_mpl_start_notification
<LI><a href="#[9b]">&gt;&gt;</a>&nbsp;&nbsp;&nbsp;inv_unregister_data_cb
</UL>

<P><STRONG><a name="[d6]"></a>inv_generate_gyro_quaternion</STRONG> (Thumb, 260 bytes, Stack size 48 bytes, quaternion_supervisor.o(.text))
<BR><BR>[Stack]<UL><LI>Max Depth = 136<LI>Call Chain = inv_generate_gyro_quaternion &rArr; __aeabi_dmul &rArr; _double_epilogue &rArr; _double_round
</UL>
<BR>[Calls]<UL><LI><a href="#[81]">&gt;&gt;</a>&nbsp;&nbsp;&nbsp;inv_q30_mult
<LI><a href="#[a7]">&gt;&gt;</a>&nbsp;&nbsp;&nbsp;__aeabi_f2d
<LI><a href="#[a9]">&gt;&gt;</a>&nbsp;&nbsp;&nbsp;__aeabi_dmul
<LI><a href="#[a8]">&gt;&gt;</a>&nbsp;&nbsp;&nbsp;__aeabi_ddiv
<LI><a href="#[d8]">&gt;&gt;</a>&nbsp;&nbsp;&nbsp;__aeabi_d2iz
<LI><a href="#[b2]">&gt;&gt;</a>&nbsp;&nbsp;&nbsp;inv_q_mult
<LI><a href="#[d9]">&gt;&gt;</a>&nbsp;&nbsp;&nbsp;inv_q_add
<LI><a href="#[d7]">&gt;&gt;</a>&nbsp;&nbsp;&nbsp;__ARM_scalbn
<LI><a href="#[d5]">&gt;&gt;</a>&nbsp;&nbsp;&nbsp;inv_normalize_quat
<LI><a href="#[ac]">&gt;&gt;</a>&nbsp;&nbsp;&nbsp;__ARM_scalbnf
<LI><a href="#[8d]">&gt;&gt;</a>&nbsp;&nbsp;&nbsp;__aeabi_i2f
<LI><a href="#[79]">&gt;&gt;</a>&nbsp;&nbsp;&nbsp;__aeabi_fdiv
</UL>
<BR>[Called By]<UL><LI><a href="#[de]">&gt;&gt;</a>&nbsp;&nbsp;&nbsp;inv_generate_accel_gyro_quaternion
</UL>

<P><STRONG><a name="[dd]"></a>inv_set_quaternion</STRONG> (Thumb, 38 bytes, Stack size 24 bytes, quaternion_supervisor.o(.text), UNUSED)
<BR><BR>[Calls]<UL><LI><a href="#[b2]">&gt;&gt;</a>&nbsp;&nbsp;&nbsp;inv_q_mult
<LI><a href="#[b3]">&gt;&gt;</a>&nbsp;&nbsp;&nbsp;inv_q_invert
</UL>

<P><STRONG><a name="[de]"></a>inv_generate_accel_gyro_quaternion</STRONG> (Thumb, 428 bytes, Stack size 104 bytes, quaternion_supervisor.o(.text))
<BR><BR>[Stack]<UL><LI>Max Depth = 256<LI>Call Chain = inv_generate_accel_gyro_quaternion &rArr; accel_fusion &rArr; inv_q_norm4 &rArr; __hardfp_sqrtf
</UL>
<BR>[Calls]<UL><LI><a href="#[81]">&gt;&gt;</a>&nbsp;&nbsp;&nbsp;inv_q30_mult
<LI><a href="#[e0]">&gt;&gt;</a>&nbsp;&nbsp;&nbsp;inv_get_linear_accel
<LI><a href="#[df]">&gt;&gt;</a>&nbsp;&nbsp;&nbsp;inv_q_rotate
<LI><a href="#[b2]">&gt;&gt;</a>&nbsp;&nbsp;&nbsp;inv_q_mult
<LI><a href="#[b3]">&gt;&gt;</a>&nbsp;&nbsp;&nbsp;inv_q_invert
<LI><a href="#[d9]">&gt;&gt;</a>&nbsp;&nbsp;&nbsp;inv_q_add
<LI><a href="#[d6]">&gt;&gt;</a>&nbsp;&nbsp;&nbsp;inv_generate_gyro_quaternion
<LI><a href="#[da]">&gt;&gt;</a>&nbsp;&nbsp;&nbsp;inv_process_dmp_quaternion
<LI><a href="#[d5]">&gt;&gt;</a>&nbsp;&nbsp;&nbsp;inv_normalize_quat
<LI><a href="#[d4]">&gt;&gt;</a>&nbsp;&nbsp;&nbsp;inv_compute_quat_from_accel
<LI><a href="#[d0]">&gt;&gt;</a>&nbsp;&nbsp;&nbsp;accel_fusion
</UL>
<BR>[Called By]<UL><LI><a href="#[6b]">&gt;&gt;</a>&nbsp;&nbsp;&nbsp;inv_generate_quaternion
</UL>

<P><STRONG><a name="[e2]"></a>inv_stop_quaternion</STRONG> (Thumb, 6 bytes, Stack size 0 bytes, quaternion_supervisor.o(.text), UNUSED)
<BR><BR>[Calls]<UL><LI><a href="#[9b]">&gt;&gt;</a>&nbsp;&nbsp;&nbsp;inv_unregister_data_cb
</UL>

<P><STRONG><a name="[e3]"></a>inv_init_quaternion</STRONG> (Thumb, 34 bytes, Stack size 8 bytes, quaternion_supervisor.o(.text))
<BR><BR>[Stack]<UL><LI>Max Depth = 8<LI>Call Chain = inv_init_quaternion
</UL>
<BR>[Calls]<UL><LI><a href="#[7f]">&gt;&gt;</a>&nbsp;&nbsp;&nbsp;__aeabi_memclr4
</UL>
<BR>[Called By]<UL><LI><a href="#[e5]">&gt;&gt;</a>&nbsp;&nbsp;&nbsp;inv_enable_quaternion
</UL>

<P><STRONG><a name="[e4]"></a>inv_start_quaternion</STRONG> (Thumb, 34 bytes, Stack size 8 bytes, quaternion_supervisor.o(.text))
<BR><BR>[Stack]<UL><LI>Max Depth = 448<LI>Call Chain = inv_start_quaternion &rArr; inv_register_data_cb &rArr; _MLPrintLog &rArr; fputcc &rArr; Sensors_UART_SendChar &rArr; HAL_UART_Transmit &rArr; UART_WaitOnFlagUntilTimeout
</UL>
<BR>[Calls]<UL><LI><a href="#[99]">&gt;&gt;</a>&nbsp;&nbsp;&nbsp;inv_register_data_cb
<LI><a href="#[db]">&gt;&gt;</a>&nbsp;&nbsp;&nbsp;memcmp
</UL>
<BR>[Address Reference Count : 1]<UL><LI> quaternion_supervisor.o(.text)
</UL>
<P><STRONG><a name="[e5]"></a>inv_enable_quaternion</STRONG> (Thumb, 24 bytes, Stack size 8 bytes, quaternion_supervisor.o(.text))
<BR><BR>[Stack]<UL><LI>Max Depth = 16<LI>Call Chain = inv_enable_quaternion &rArr; inv_init_quaternion
</UL>
<BR>[Calls]<UL><LI><a href="#[9d]">&gt;&gt;</a>&nbsp;&nbsp;&nbsp;inv_register_mpl_start_notification
<LI><a href="#[e3]">&gt;&gt;</a>&nbsp;&nbsp;&nbsp;inv_init_quaternion
</UL>
<BR>[Called By]<UL><LI><a href="#[65]">&gt;&gt;</a>&nbsp;&nbsp;&nbsp;main
</UL>

<P><STRONG><a name="[e6]"></a>inv_disable_quaternion</STRONG> (Thumb, 20 bytes, Stack size 8 bytes, quaternion_supervisor.o(.text), UNUSED)
<BR><BR>[Calls]<UL><LI><a href="#[9f]">&gt;&gt;</a>&nbsp;&nbsp;&nbsp;inv_unregister_mpl_start_notification
<LI><a href="#[9b]">&gt;&gt;</a>&nbsp;&nbsp;&nbsp;inv_unregister_data_cb
</UL>

<P><STRONG><a name="[1dd]"></a>inv_set_magnetic_disturbance</STRONG> (Thumb, 16 bytes, Stack size 0 bytes, mag_disturb.o(.text), UNUSED)

<P><STRONG><a name="[e7]"></a>inv_init_magnetic_disturbance</STRONG> (Thumb, 50 bytes, Stack size 8 bytes, mag_disturb.o(.text), UNUSED)
<BR><BR>[Calls]<UL><LI><a href="#[7f]">&gt;&gt;</a>&nbsp;&nbsp;&nbsp;__aeabi_memclr4
</UL>
<BR>[Called By]<UL><LI><a href="#[fa]">&gt;&gt;</a>&nbsp;&nbsp;&nbsp;inv_enable_magnetic_disturbance
</UL>

<P><STRONG><a name="[e8]"></a>MagDisturbSetDisturbance</STRONG> (Thumb, 98 bytes, Stack size 24 bytes, mag_disturb.o(.text))
<BR><BR>[Stack]<UL><LI>Max Depth = 36<LI>Call Chain = MagDisturbSetDisturbance &rArr; inv_set_compass_correction
</UL>
<BR>[Calls]<UL><LI><a href="#[ba]">&gt;&gt;</a>&nbsp;&nbsp;&nbsp;inv_set_compass_correction
<LI><a href="#[a5]">&gt;&gt;</a>&nbsp;&nbsp;&nbsp;__aeabi_cfrcmple
<LI><a href="#[c2]">&gt;&gt;</a>&nbsp;&nbsp;&nbsp;__aeabi_cfcmple
</UL>
<BR>[Called By]<UL><LI><a href="#[ee]">&gt;&gt;</a>&nbsp;&nbsp;&nbsp;inv_check_magnetic_disturbance
</UL>

<P><STRONG><a name="[e9]"></a>MagDisturbCheckSettling</STRONG> (Thumb, 54 bytes, Stack size 16 bytes, mag_disturb.o(.text))
<BR><BR>[Stack]<UL><LI>Max Depth = 16<LI>Call Chain = MagDisturbCheckSettling
</UL>
<BR>[Calls]<UL><LI><a href="#[ea]">&gt;&gt;</a>&nbsp;&nbsp;&nbsp;inv_get_acc_state
</UL>
<BR>[Called By]<UL><LI><a href="#[ee]">&gt;&gt;</a>&nbsp;&nbsp;&nbsp;inv_check_magnetic_disturbance
</UL>

<P><STRONG><a name="[eb]"></a>ComputeAngleVelocity</STRONG> (Thumb, 94 bytes, Stack size 72 bytes, mag_disturb.o(.text))
<BR><BR>[Stack]<UL><LI>Max Depth = 84<LI>Call Chain = ComputeAngleVelocity &rArr; inv_q_mult
</UL>
<BR>[Calls]<UL><LI><a href="#[b1]">&gt;&gt;</a>&nbsp;&nbsp;&nbsp;inv_quaternion_to_rotation
<LI><a href="#[b2]">&gt;&gt;</a>&nbsp;&nbsp;&nbsp;inv_q_mult
<LI><a href="#[b3]">&gt;&gt;</a>&nbsp;&nbsp;&nbsp;inv_q_invert
</UL>
<BR>[Called By]<UL><LI><a href="#[ee]">&gt;&gt;</a>&nbsp;&nbsp;&nbsp;inv_check_magnetic_disturbance
</UL>

<P><STRONG><a name="[1de]"></a>inv_disable_dip_tracking</STRONG> (Thumb, 10 bytes, Stack size 0 bytes, mag_disturb.o(.text), UNUSED)

<P><STRONG><a name="[ec]"></a>Mag3ofNormalizedLong</STRONG> (Thumb, 72 bytes, Stack size 16 bytes, mag_disturb.o(.text))
<BR><BR>[Stack]<UL><LI>Max Depth = 36<LI>Call Chain = Mag3ofNormalizedLong &rArr; __aeabi_fadd &rArr; _float_epilogue
</UL>
<BR>[Calls]<UL><LI><a href="#[8e]">&gt;&gt;</a>&nbsp;&nbsp;&nbsp;sqrtf
<LI><a href="#[a3]">&gt;&gt;</a>&nbsp;&nbsp;&nbsp;__aeabi_fmul
<LI><a href="#[a2]">&gt;&gt;</a>&nbsp;&nbsp;&nbsp;__aeabi_fadd
<LI><a href="#[ac]">&gt;&gt;</a>&nbsp;&nbsp;&nbsp;__ARM_scalbnf
<LI><a href="#[8d]">&gt;&gt;</a>&nbsp;&nbsp;&nbsp;__aeabi_i2f
</UL>
<BR>[Called By]<UL><LI><a href="#[ee]">&gt;&gt;</a>&nbsp;&nbsp;&nbsp;inv_check_magnetic_disturbance
</UL>

<P><STRONG><a name="[ed]"></a>inv_track_dip_angle</STRONG> (Thumb, 114 bytes, Stack size 16 bytes, mag_disturb.o(.text))
<BR><BR>[Stack]<UL><LI>Max Depth = 36<LI>Call Chain = inv_track_dip_angle &rArr; __aeabi_fsub &rArr; __aeabi_fadd &rArr; _float_epilogue
</UL>
<BR>[Calls]<UL><LI><a href="#[a4]">&gt;&gt;</a>&nbsp;&nbsp;&nbsp;__aeabi_fsub
<LI><a href="#[a2]">&gt;&gt;</a>&nbsp;&nbsp;&nbsp;__aeabi_fadd
<LI><a href="#[c2]">&gt;&gt;</a>&nbsp;&nbsp;&nbsp;__aeabi_cfcmple
<LI><a href="#[79]">&gt;&gt;</a>&nbsp;&nbsp;&nbsp;__aeabi_fdiv
</UL>
<BR>[Called By]<UL><LI><a href="#[ee]">&gt;&gt;</a>&nbsp;&nbsp;&nbsp;inv_check_magnetic_disturbance
</UL>

<P><STRONG><a name="[ee]"></a>inv_check_magnetic_disturbance</STRONG> (Thumb, 690 bytes, Stack size 96 bytes, mag_disturb.o(.text))
<BR><BR>[Stack]<UL><LI>Max Depth = 180<LI>Call Chain = inv_check_magnetic_disturbance &rArr; ComputeAngleVelocity &rArr; inv_q_mult
</UL>
<BR>[Calls]<UL><LI><a href="#[ef]">&gt;&gt;</a>&nbsp;&nbsp;&nbsp;inv_get_gyro_on
<LI><a href="#[f0]">&gt;&gt;</a>&nbsp;&nbsp;&nbsp;inv_get_gyro
<LI><a href="#[f1]">&gt;&gt;</a>&nbsp;&nbsp;&nbsp;inv_got_compass_bias
<LI><a href="#[f3]">&gt;&gt;</a>&nbsp;&nbsp;&nbsp;inv_get_local_field
<LI><a href="#[f4]">&gt;&gt;</a>&nbsp;&nbsp;&nbsp;inv_get_compass_correction
<LI><a href="#[b3]">&gt;&gt;</a>&nbsp;&nbsp;&nbsp;inv_q_invert
<LI><a href="#[b0]">&gt;&gt;</a>&nbsp;&nbsp;&nbsp;inv_get_gyro_sum_of_sqr
<LI><a href="#[db]">&gt;&gt;</a>&nbsp;&nbsp;&nbsp;memcmp
<LI><a href="#[a1]">&gt;&gt;</a>&nbsp;&nbsp;&nbsp;__aeabi_memmove4
<LI><a href="#[8e]">&gt;&gt;</a>&nbsp;&nbsp;&nbsp;sqrtf
<LI><a href="#[f2]">&gt;&gt;</a>&nbsp;&nbsp;&nbsp;acosf
<LI><a href="#[f5]">&gt;&gt;</a>&nbsp;&nbsp;&nbsp;__aeabi_ui2f
<LI><a href="#[ed]">&gt;&gt;</a>&nbsp;&nbsp;&nbsp;inv_track_dip_angle
<LI><a href="#[ec]">&gt;&gt;</a>&nbsp;&nbsp;&nbsp;Mag3ofNormalizedLong
<LI><a href="#[eb]">&gt;&gt;</a>&nbsp;&nbsp;&nbsp;ComputeAngleVelocity
<LI><a href="#[e9]">&gt;&gt;</a>&nbsp;&nbsp;&nbsp;MagDisturbCheckSettling
<LI><a href="#[e8]">&gt;&gt;</a>&nbsp;&nbsp;&nbsp;MagDisturbSetDisturbance
<LI><a href="#[a4]">&gt;&gt;</a>&nbsp;&nbsp;&nbsp;__aeabi_fsub
<LI><a href="#[a3]">&gt;&gt;</a>&nbsp;&nbsp;&nbsp;__aeabi_fmul
<LI><a href="#[a2]">&gt;&gt;</a>&nbsp;&nbsp;&nbsp;__aeabi_fadd
<LI><a href="#[a5]">&gt;&gt;</a>&nbsp;&nbsp;&nbsp;__aeabi_cfrcmple
<LI><a href="#[c2]">&gt;&gt;</a>&nbsp;&nbsp;&nbsp;__aeabi_cfcmple
<LI><a href="#[ac]">&gt;&gt;</a>&nbsp;&nbsp;&nbsp;__ARM_scalbnf
<LI><a href="#[8d]">&gt;&gt;</a>&nbsp;&nbsp;&nbsp;__aeabi_i2f
<LI><a href="#[79]">&gt;&gt;</a>&nbsp;&nbsp;&nbsp;__aeabi_fdiv
</UL>
<BR>[Called By]<UL><LI><a href="#[f6]">&gt;&gt;</a>&nbsp;&nbsp;&nbsp;inv_magnetic_disturbance_process
</UL>

<P><STRONG><a name="[f6]"></a>inv_magnetic_disturbance_process</STRONG> (Thumb, 50 bytes, Stack size 48 bytes, mag_disturb.o(.text))
<BR><BR>[Stack]<UL><LI>Max Depth = 228<LI>Call Chain = inv_magnetic_disturbance_process &rArr; inv_check_magnetic_disturbance &rArr; ComputeAngleVelocity &rArr; inv_q_mult
</UL>
<BR>[Calls]<UL><LI><a href="#[ae]">&gt;&gt;</a>&nbsp;&nbsp;&nbsp;inv_get_gravity
<LI><a href="#[f7]">&gt;&gt;</a>&nbsp;&nbsp;&nbsp;inv_set_compass_disturbance
<LI><a href="#[ad]">&gt;&gt;</a>&nbsp;&nbsp;&nbsp;inv_get_6axis_quaternion
<LI><a href="#[ee]">&gt;&gt;</a>&nbsp;&nbsp;&nbsp;inv_check_magnetic_disturbance
</UL>
<BR>[Address Reference Count : 1]<UL><LI> mag_disturb.o(.text)
</UL>
<P><STRONG><a name="[f8]"></a>inv_start_magnetic_disturbance</STRONG> (Thumb, 14 bytes, Stack size 0 bytes, mag_disturb.o(.text))
<BR><BR>[Stack]<UL><LI>Max Depth = 440<LI>Call Chain = inv_start_magnetic_disturbance &rArr; inv_register_data_cb &rArr; _MLPrintLog &rArr; fputcc &rArr; Sensors_UART_SendChar &rArr; HAL_UART_Transmit &rArr; UART_WaitOnFlagUntilTimeout
</UL>
<BR>[Calls]<UL><LI><a href="#[99]">&gt;&gt;</a>&nbsp;&nbsp;&nbsp;inv_register_data_cb
</UL>
<BR>[Address Reference Count : 1]<UL><LI> mag_disturb.o(.text)
</UL>
<P><STRONG><a name="[f9]"></a>inv_stop_magnetic_disturbance</STRONG> (Thumb, 8 bytes, Stack size 0 bytes, mag_disturb.o(.text), UNUSED)
<BR><BR>[Calls]<UL><LI><a href="#[9b]">&gt;&gt;</a>&nbsp;&nbsp;&nbsp;inv_unregister_data_cb
</UL>

<P><STRONG><a name="[fa]"></a>inv_enable_magnetic_disturbance</STRONG> (Thumb, 40 bytes, Stack size 8 bytes, mag_disturb.o(.text), UNUSED)
<BR><BR>[Calls]<UL><LI><a href="#[9d]">&gt;&gt;</a>&nbsp;&nbsp;&nbsp;inv_register_mpl_start_notification
<LI><a href="#[e7]">&gt;&gt;</a>&nbsp;&nbsp;&nbsp;inv_init_magnetic_disturbance
</UL>

<P><STRONG><a name="[fb]"></a>inv_disable_magnetic_disturbance</STRONG> (Thumb, 22 bytes, Stack size 8 bytes, mag_disturb.o(.text), UNUSED)
<BR><BR>[Calls]<UL><LI><a href="#[9b]">&gt;&gt;</a>&nbsp;&nbsp;&nbsp;inv_unregister_data_cb
</UL>

<P><STRONG><a name="[1df]"></a>inv_enable_dip_tracking</STRONG> (Thumb, 14 bytes, Stack size 0 bytes, mag_disturb.o(.text), UNUSED)

<P><STRONG><a name="[b8]"></a>inv_get_magnetic_disturbance_state</STRONG> (Thumb, 8 bytes, Stack size 0 bytes, mag_disturb.o(.text))
<BR><BR>[Called By]<UL><LI><a href="#[ab]">&gt;&gt;</a>&nbsp;&nbsp;&nbsp;inv_perform_9x_fusion
</UL>

<P><STRONG><a name="[fc]"></a>__aeabi_uldivmod</STRONG> (Thumb, 98 bytes, Stack size 40 bytes, uldiv.o(.text))
<BR><BR>[Stack]<UL><LI>Max Depth = 40<LI>Call Chain = __aeabi_uldivmod
</UL>
<BR>[Calls]<UL><LI><a href="#[7e]">&gt;&gt;</a>&nbsp;&nbsp;&nbsp;__aeabi_llsl
<LI><a href="#[fd]">&gt;&gt;</a>&nbsp;&nbsp;&nbsp;__aeabi_llsr
</UL>
<BR>[Called By]<UL><LI><a href="#[c5]">&gt;&gt;</a>&nbsp;&nbsp;&nbsp;__aeabi_ldivmod
<LI><a href="#[128]">&gt;&gt;</a>&nbsp;&nbsp;&nbsp;HAL_RCC_GetSysClockFreq
<LI><a href="#[143]">&gt;&gt;</a>&nbsp;&nbsp;&nbsp;_printf_core
<LI><a href="#[152]">&gt;&gt;</a>&nbsp;&nbsp;&nbsp;_fp_digits
</UL>

<P><STRONG><a name="[c5]"></a>__aeabi_ldivmod</STRONG> (Thumb, 98 bytes, Stack size 24 bytes, ldiv.o(.text))
<BR><BR>[Stack]<UL><LI>Max Depth = 64<LI>Call Chain = __aeabi_ldivmod &rArr; __aeabi_uldivmod
</UL>
<BR>[Calls]<UL><LI><a href="#[fc]">&gt;&gt;</a>&nbsp;&nbsp;&nbsp;__aeabi_uldivmod
</UL>
<BR>[Called By]<UL><LI><a href="#[172]">&gt;&gt;</a>&nbsp;&nbsp;&nbsp;get_st_biases
<LI><a href="#[c4]">&gt;&gt;</a>&nbsp;&nbsp;&nbsp;inv_gtc_compute_slope
</UL>

<P><STRONG><a name="[7e]"></a>__aeabi_llsl</STRONG> (Thumb, 30 bytes, Stack size 0 bytes, llshl.o(.text))
<BR><BR>[Called By]<UL><LI><a href="#[104]">&gt;&gt;</a>&nbsp;&nbsp;&nbsp;__aeabi_dadd
<LI><a href="#[fc]">&gt;&gt;</a>&nbsp;&nbsp;&nbsp;__aeabi_uldivmod
<LI><a href="#[7a]">&gt;&gt;</a>&nbsp;&nbsp;&nbsp;__aeabi_f2lz
<LI><a href="#[84]">&gt;&gt;</a>&nbsp;&nbsp;&nbsp;inv_get_right_shift_by_rounding
<LI><a href="#[7d]">&gt;&gt;</a>&nbsp;&nbsp;&nbsp;inv_fast_nomot_set_gyro_bias
<LI><a href="#[105]">&gt;&gt;</a>&nbsp;&nbsp;&nbsp;_double_epilogue
<LI><a href="#[109]">&gt;&gt;</a>&nbsp;&nbsp;&nbsp;__aeabi_d2ulz
</UL>

<P><STRONG><a name="[1e0]"></a>_ll_shift_l</STRONG> (Thumb, 0 bytes, Stack size 0 bytes, llshl.o(.text), UNUSED)

<P><STRONG><a name="[7b]"></a>__aeabi_lasr</STRONG> (Thumb, 36 bytes, Stack size 0 bytes, llsshr.o(.text))
<BR><BR>[Called By]<UL><LI><a href="#[104]">&gt;&gt;</a>&nbsp;&nbsp;&nbsp;__aeabi_dadd
<LI><a href="#[84]">&gt;&gt;</a>&nbsp;&nbsp;&nbsp;inv_get_right_shift_by_rounding
<LI><a href="#[7c]">&gt;&gt;</a>&nbsp;&nbsp;&nbsp;inv_fast_nomot_parameter_3rd
<LI><a href="#[77]">&gt;&gt;</a>&nbsp;&nbsp;&nbsp;inv_fast_nomot_parameter
</UL>

<P><STRONG><a name="[1e1]"></a>_ll_sshift_r</STRONG> (Thumb, 0 bytes, Stack size 0 bytes, llsshr.o(.text), UNUSED)

<P><STRONG><a name="[1e2]"></a>___aeabi_memcpy4$move</STRONG> (Thumb, 0 bytes, Stack size 8 bytes, memmovea.o(.text), UNUSED)

<P><STRONG><a name="[1e3]"></a>___aeabi_memcpy8$move</STRONG> (Thumb, 0 bytes, Stack size 8 bytes, memmovea.o(.text), UNUSED)

<P><STRONG><a name="[c3]"></a>__aeabi_memcpy</STRONG> (Thumb, 64 bytes, Stack size 8 bytes, memmovea.o(.text))
<BR><BR>[Stack]<UL><LI>Max Depth = 8<LI>Call Chain = __aeabi_memcpy
</UL>
<BR>[Called By]<UL><LI><a href="#[13f]">&gt;&gt;</a>&nbsp;&nbsp;&nbsp;_MLPrintLog
<LI><a href="#[6f]">&gt;&gt;</a>&nbsp;&nbsp;&nbsp;inv_db_save_func
<LI><a href="#[70]">&gt;&gt;</a>&nbsp;&nbsp;&nbsp;inv_db_load_func
<LI><a href="#[69]">&gt;&gt;</a>&nbsp;&nbsp;&nbsp;inv_gtc_store
<LI><a href="#[6a]">&gt;&gt;</a>&nbsp;&nbsp;&nbsp;inv_gtc_load
</UL>

<P><STRONG><a name="[1e4]"></a>__aeabi_memmove</STRONG> (Thumb, 0 bytes, Stack size 8 bytes, memmovea.o(.text), UNUSED)

<P><STRONG><a name="[a1]"></a>__aeabi_memmove4</STRONG> (Thumb, 0 bytes, Stack size 8 bytes, memmovea.o(.text))
<BR><BR>[Stack]<UL><LI>Max Depth = 8<LI>Call Chain = __aeabi_memmove4
</UL>
<BR>[Called By]<UL><LI><a href="#[9f]">&gt;&gt;</a>&nbsp;&nbsp;&nbsp;inv_unregister_mpl_start_notification
<LI><a href="#[ee]">&gt;&gt;</a>&nbsp;&nbsp;&nbsp;inv_check_magnetic_disturbance
<LI><a href="#[c6]">&gt;&gt;</a>&nbsp;&nbsp;&nbsp;inv_gtc_add_data
<LI><a href="#[a0]">&gt;&gt;</a>&nbsp;&nbsp;&nbsp;inv_filter_correction_angle
<LI><a href="#[af]">&gt;&gt;</a>&nbsp;&nbsp;&nbsp;inv_find_synchronized_compass_angle
</UL>

<P><STRONG><a name="[1e5]"></a>__aeabi_memmove8</STRONG> (Thumb, 0 bytes, Stack size 8 bytes, memmovea.o(.text), UNUSED)

<P><STRONG><a name="[ff]"></a>__aeabi_memset</STRONG> (Thumb, 14 bytes, Stack size 0 bytes, memseta.o(.text))
<BR><BR>[Called By]<UL><LI><a href="#[166]">&gt;&gt;</a>&nbsp;&nbsp;&nbsp;dmp_enable_lp_quat
<LI><a href="#[159]">&gt;&gt;</a>&nbsp;&nbsp;&nbsp;dmp_enable_6x_lp_quat
<LI><a href="#[100]">&gt;&gt;</a>&nbsp;&nbsp;&nbsp;_memset$wrapper
<LI><a href="#[fe]">&gt;&gt;</a>&nbsp;&nbsp;&nbsp;__aeabi_memclr
</UL>

<P><STRONG><a name="[1e6]"></a>__aeabi_memset4</STRONG> (Thumb, 0 bytes, Stack size 0 bytes, memseta.o(.text), UNUSED)

<P><STRONG><a name="[1e7]"></a>__aeabi_memset8</STRONG> (Thumb, 0 bytes, Stack size 0 bytes, memseta.o(.text), UNUSED)

<P><STRONG><a name="[fe]"></a>__aeabi_memclr</STRONG> (Thumb, 4 bytes, Stack size 0 bytes, memseta.o(.text))
<BR><BR>[Calls]<UL><LI><a href="#[ff]">&gt;&gt;</a>&nbsp;&nbsp;&nbsp;__aeabi_memset
</UL>
<BR>[Called By]<UL><LI><a href="#[13f]">&gt;&gt;</a>&nbsp;&nbsp;&nbsp;_MLPrintLog
</UL>

<P><STRONG><a name="[7f]"></a>__aeabi_memclr4</STRONG> (Thumb, 0 bytes, Stack size 0 bytes, memseta.o(.text))
<BR><BR>[Called By]<UL><LI><a href="#[13f]">&gt;&gt;</a>&nbsp;&nbsp;&nbsp;_MLPrintLog
<LI><a href="#[191]">&gt;&gt;</a>&nbsp;&nbsp;&nbsp;inv_reset_compass_soft_iron_matrix
<LI><a href="#[190]">&gt;&gt;</a>&nbsp;&nbsp;&nbsp;inv_init_data_builder
<LI><a href="#[179]">&gt;&gt;</a>&nbsp;&nbsp;&nbsp;inv_enable_eMPL_outputs
<LI><a href="#[133]">&gt;&gt;</a>&nbsp;&nbsp;&nbsp;MX_GPIO_Init
<LI><a href="#[17b]">&gt;&gt;</a>&nbsp;&nbsp;&nbsp;inv_init_results_holder
<LI><a href="#[193]">&gt;&gt;</a>&nbsp;&nbsp;&nbsp;inv_init_storage_manager
<LI><a href="#[194]">&gt;&gt;</a>&nbsp;&nbsp;&nbsp;inv_init_start_manager
<LI><a href="#[12d]">&gt;&gt;</a>&nbsp;&nbsp;&nbsp;HAL_UART_MspInit
<LI><a href="#[112]">&gt;&gt;</a>&nbsp;&nbsp;&nbsp;HAL_I2C_MspInit
<LI><a href="#[13c]">&gt;&gt;</a>&nbsp;&nbsp;&nbsp;SystemClock_Config
<LI><a href="#[e7]">&gt;&gt;</a>&nbsp;&nbsp;&nbsp;inv_init_magnetic_disturbance
<LI><a href="#[e3]">&gt;&gt;</a>&nbsp;&nbsp;&nbsp;inv_init_quaternion
<LI><a href="#[ca]">&gt;&gt;</a>&nbsp;&nbsp;&nbsp;inv_init_gyro_ts
<LI><a href="#[c4]">&gt;&gt;</a>&nbsp;&nbsp;&nbsp;inv_gtc_compute_slope
<LI><a href="#[bc]">&gt;&gt;</a>&nbsp;&nbsp;&nbsp;inv_init_9x_fusion
<LI><a href="#[97]">&gt;&gt;</a>&nbsp;&nbsp;&nbsp;inv_start_fast_nomot
<LI><a href="#[96]">&gt;&gt;</a>&nbsp;&nbsp;&nbsp;inv_init_fast_nomot
<LI><a href="#[85]">&gt;&gt;</a>&nbsp;&nbsp;&nbsp;inv_detect_motion_by_gyro_accel
<LI><a href="#[7d]">&gt;&gt;</a>&nbsp;&nbsp;&nbsp;inv_fast_nomot_set_gyro_bias
<LI><a href="#[86]">&gt;&gt;</a>&nbsp;&nbsp;&nbsp;inv_reset_packet
</UL>

<P><STRONG><a name="[1e8]"></a>__aeabi_memclr8</STRONG> (Thumb, 0 bytes, Stack size 0 bytes, memseta.o(.text), UNUSED)

<P><STRONG><a name="[100]"></a>_memset$wrapper</STRONG> (Thumb, 18 bytes, Stack size 8 bytes, memseta.o(.text), UNUSED)
<BR><BR>[Calls]<UL><LI><a href="#[ff]">&gt;&gt;</a>&nbsp;&nbsp;&nbsp;__aeabi_memset
</UL>

<P><STRONG><a name="[19e]"></a>strlen</STRONG> (Thumb, 14 bytes, Stack size 0 bytes, strlen.o(.text))
<BR><BR>[Called By]<UL><LI><a href="#[1b6]">&gt;&gt;</a>&nbsp;&nbsp;&nbsp;read_from_mpl
<LI><a href="#[65]">&gt;&gt;</a>&nbsp;&nbsp;&nbsp;main
</UL>

<P><STRONG><a name="[db]"></a>memcmp</STRONG> (Thumb, 26 bytes, Stack size 12 bytes, memcmp.o(.text))
<BR><BR>[Stack]<UL><LI>Max Depth = 12<LI>Call Chain = memcmp
</UL>
<BR>[Called By]<UL><LI><a href="#[16b]">&gt;&gt;</a>&nbsp;&nbsp;&nbsp;mpu_load_firmware
<LI><a href="#[82]">&gt;&gt;</a>&nbsp;&nbsp;&nbsp;inv_set_gyro_bias
<LI><a href="#[197]">&gt;&gt;</a>&nbsp;&nbsp;&nbsp;inv_set_accel_bias
<LI><a href="#[ee]">&gt;&gt;</a>&nbsp;&nbsp;&nbsp;inv_check_magnetic_disturbance
<LI><a href="#[e4]">&gt;&gt;</a>&nbsp;&nbsp;&nbsp;inv_start_quaternion
<LI><a href="#[da]">&gt;&gt;</a>&nbsp;&nbsp;&nbsp;inv_process_dmp_quaternion
</UL>

<P><STRONG><a name="[a2]"></a>__aeabi_fadd</STRONG> (Thumb, 164 bytes, Stack size 16 bytes, fadd.o(.text))
<BR><BR>[Stack]<UL><LI>Max Depth = 20<LI>Call Chain = __aeabi_fadd &rArr; _float_epilogue
</UL>
<BR>[Calls]<UL><LI><a href="#[102]">&gt;&gt;</a>&nbsp;&nbsp;&nbsp;_float_round
<LI><a href="#[101]">&gt;&gt;</a>&nbsp;&nbsp;&nbsp;_float_epilogue
</UL>
<BR>[Called By]<UL><LI><a href="#[ee]">&gt;&gt;</a>&nbsp;&nbsp;&nbsp;inv_check_magnetic_disturbance
<LI><a href="#[ed]">&gt;&gt;</a>&nbsp;&nbsp;&nbsp;inv_track_dip_angle
<LI><a href="#[ec]">&gt;&gt;</a>&nbsp;&nbsp;&nbsp;Mag3ofNormalizedLong
<LI><a href="#[da]">&gt;&gt;</a>&nbsp;&nbsp;&nbsp;inv_process_dmp_quaternion
<LI><a href="#[d5]">&gt;&gt;</a>&nbsp;&nbsp;&nbsp;inv_normalize_quat
<LI><a href="#[d4]">&gt;&gt;</a>&nbsp;&nbsp;&nbsp;inv_compute_quat_from_accel
<LI><a href="#[d0]">&gt;&gt;</a>&nbsp;&nbsp;&nbsp;accel_fusion
<LI><a href="#[a4]">&gt;&gt;</a>&nbsp;&nbsp;&nbsp;__aeabi_fsub
<LI><a href="#[a0]">&gt;&gt;</a>&nbsp;&nbsp;&nbsp;inv_filter_correction_angle
<LI><a href="#[103]">&gt;&gt;</a>&nbsp;&nbsp;&nbsp;__aeabi_frsub
</UL>

<P><STRONG><a name="[a4]"></a>__aeabi_fsub</STRONG> (Thumb, 6 bytes, Stack size 0 bytes, fadd.o(.text))
<BR><BR>[Stack]<UL><LI>Max Depth = 20<LI>Call Chain = __aeabi_fsub &rArr; __aeabi_fadd &rArr; _float_epilogue
</UL>
<BR>[Calls]<UL><LI><a href="#[a2]">&gt;&gt;</a>&nbsp;&nbsp;&nbsp;__aeabi_fadd
</UL>
[...]
</UL>
<BR>[Calls]<UL><LI><a href="#[13f]">&gt;&gt;</a>&nbsp;&nbsp;&nbsp;_MLPrintLog
</UL>
<BR>[Address Reference Count : 1]<UL><LI> main.o(i.main)
</UL>
<P><STRONG><a name="[1b6]"></a>read_from_mpl</STRONG> (Thumb, 726 bytes, Stack size 184 bytes, main.o(i.read_from_mpl))
<BR><BR>[Stack]<UL><LI>Max Depth = 592<LI>Call Chain = read_from_mpl &rArr; _MLPrintLog &rArr; fputcc &rArr; Sensors_UART_SendChar &rArr; HAL_UART_Transmit &rArr; UART_WaitOnFlagUntilTimeout
</UL>
<BR>[Calls]<UL><LI><a href="#[1c1]">&gt;&gt;</a>&nbsp;&nbsp;&nbsp;eMPL_send_quat
<LI><a href="#[1c2]">&gt;&gt;</a>&nbsp;&nbsp;&nbsp;eMPL_send_data
<LI><a href="#[169]">&gt;&gt;</a>&nbsp;&nbsp;&nbsp;dmp_get_pedometer_walk_time
<LI><a href="#[167]">&gt;&gt;</a>&nbsp;&nbsp;&nbsp;dmp_get_pedometer_step_count
<LI><a href="#[16e]">&gt;&gt;</a>&nbsp;&nbsp;&nbsp;get_tick_count
<LI><a href="#[13f]">&gt;&gt;</a>&nbsp;&nbsp;&nbsp;_MLPrintLog
<LI><a href="#[1b2]">&gt;&gt;</a>&nbsp;&nbsp;&nbsp;mpu_get_temperature
<LI><a href="#[1c3]">&gt;&gt;</a>&nbsp;&nbsp;&nbsp;inv_get_message_level_0
<LI><a href="#[18e]">&gt;&gt;</a>&nbsp;&nbsp;&nbsp;inv_get_sensor_type_linear_acceleration
<LI><a href="#[18a]">&gt;&gt;</a>&nbsp;&nbsp;&nbsp;inv_get_sensor_type_gravity
<LI><a href="#[18f]">&gt;&gt;</a>&nbsp;&nbsp;&nbsp;inv_get_sensor_type_rot_mat
<LI><a href="#[1c0]">&gt;&gt;</a>&nbsp;&nbsp;&nbsp;inv_get_sensor_type_quat
<LI><a href="#[18d]">&gt;&gt;</a>&nbsp;&nbsp;&nbsp;inv_get_sensor_type_heading
<LI><a href="#[18b]">&gt;&gt;</a>&nbsp;&nbsp;&nbsp;inv_get_sensor_type_gyro
<LI><a href="#[189]">&gt;&gt;</a>&nbsp;&nbsp;&nbsp;inv_get_sensor_type_euler
<LI><a href="#[188]">&gt;&gt;</a>&nbsp;&nbsp;&nbsp;inv_get_sensor_type_accel
<LI><a href="#[12f]">&gt;&gt;</a>&nbsp;&nbsp;&nbsp;HAL_UART_Transmit
<LI><a href="#[a6]">&gt;&gt;</a>&nbsp;&nbsp;&nbsp;__aeabi_i2d
<LI><a href="#[a7]">&gt;&gt;</a>&nbsp;&nbsp;&nbsp;__aeabi_f2d
<LI><a href="#[a9]">&gt;&gt;</a>&nbsp;&nbsp;&nbsp;__aeabi_dmul
<LI><a href="#[aa]">&gt;&gt;</a>&nbsp;&nbsp;&nbsp;__aeabi_d2f
<LI><a href="#[19e]">&gt;&gt;</a>&nbsp;&nbsp;&nbsp;strlen
<LI><a href="#[19d]">&gt;&gt;</a>&nbsp;&nbsp;&nbsp;__2sprintf
</UL>
<BR>[Called By]<UL><LI><a href="#[65]">&gt;&gt;</a>&nbsp;&nbsp;&nbsp;main
</UL>

<P><STRONG><a name="[1aa]"></a>run_self_test</STRONG> (Thumb, 380 bytes, Stack size 88 bytes, main.o(i.run_self_test))
<BR><BR>[Stack]<UL><LI>Max Depth = 496<LI>Call Chain = run_self_test &rArr; _MLPrintLog &rArr; fputcc &rArr; Sensors_UART_SendChar &rArr; HAL_UART_Transmit &rArr; UART_WaitOnFlagUntilTimeout
</UL>
<BR>[Calls]<UL><LI><a href="#[13f]">&gt;&gt;</a>&nbsp;&nbsp;&nbsp;_MLPrintLog
<LI><a href="#[1bf]">&gt;&gt;</a>&nbsp;&nbsp;&nbsp;mpu_run_self_test
<LI><a href="#[1c5]">&gt;&gt;</a>&nbsp;&nbsp;&nbsp;mpu_get_gyro_sens
<LI><a href="#[1c4]">&gt;&gt;</a>&nbsp;&nbsp;&nbsp;mpu_get_accel_sens
<LI><a href="#[82]">&gt;&gt;</a>&nbsp;&nbsp;&nbsp;inv_set_gyro_bias
<LI><a href="#[197]">&gt;&gt;</a>&nbsp;&nbsp;&nbsp;inv_set_accel_bias
<LI><a href="#[a7]">&gt;&gt;</a>&nbsp;&nbsp;&nbsp;__aeabi_f2d
</UL>
<BR>[Called By]<UL><LI><a href="#[65]">&gt;&gt;</a>&nbsp;&nbsp;&nbsp;main
</UL>

<P><STRONG><a name="[73]"></a>tap_cb</STRONG> (Thumb, 68 bytes, Stack size 8 bytes, main.o(i.tap_cb))
<BR><BR>[Stack]<UL><LI>Max Depth = 416<LI>Call Chain = tap_cb &rArr; _MLPrintLog &rArr; fputcc &rArr; Sensors_UART_SendChar &rArr; HAL_UART_Transmit &rArr; UART_WaitOnFlagUntilTimeout
</UL>
<BR>[Calls]<UL><LI><a href="#[13f]">&gt;&gt;</a>&nbsp;&nbsp;&nbsp;_MLPrintLog
</UL>
<BR>[Address Reference Count : 1]<UL><LI> main.o(i.main)
</UL>
<P><STRONG><a name="[132]"></a>I2C_IsAcknowledgeFailed</STRONG> (Thumb, 46 bytes, Stack size 0 bytes, stm32f4xx_hal_i2c.o(i.I2C_IsAcknowledgeFailed))
<BR><BR>[Called By]<UL><LI><a href="#[11b]">&gt;&gt;</a>&nbsp;&nbsp;&nbsp;I2C_WaitOnTXEFlagUntilTimeout
<LI><a href="#[11c]">&gt;&gt;</a>&nbsp;&nbsp;&nbsp;I2C_WaitOnBTFFlagUntilTimeout
</UL>

<P><STRONG><a name="[117]"></a>I2C_RequestMemoryRead</STRONG> (Thumb, 230 bytes, Stack size 40 bytes, stm32f4xx_hal_i2c.o(i.I2C_RequestMemoryRead))
<BR><BR>[Stack]<UL><LI>Max Depth = 72<LI>Call Chain = I2C_RequestMemoryRead &rArr; I2C_WaitOnMasterAddressFlagUntilTimeout
</UL>
<BR>[Calls]<UL><LI><a href="#[11b]">&gt;&gt;</a>&nbsp;&nbsp;&nbsp;I2C_WaitOnTXEFlagUntilTimeout
<LI><a href="#[131]">&gt;&gt;</a>&nbsp;&nbsp;&nbsp;I2C_WaitOnMasterAddressFlagUntilTimeout
<LI><a href="#[116]">&gt;&gt;</a>&nbsp;&nbsp;&nbsp;I2C_WaitOnFlagUntilTimeout
</UL>
<BR>[Called By]<UL><LI><a href="#[114]">&gt;&gt;</a>&nbsp;&nbsp;&nbsp;HAL_I2C_Mem_Read
</UL>

<P><STRONG><a name="[11a]"></a>I2C_RequestMemoryWrite</STRONG> (Thumb, 144 bytes, Stack size 32 bytes, stm32f4xx_hal_i2c.o(i.I2C_RequestMemoryWrite))
<BR><BR>[Stack]<UL><LI>Max Depth = 64<LI>Call Chain = I2C_RequestMemoryWrite &rArr; I2C_WaitOnMasterAddressFlagUntilTimeout
</UL>
<BR>[Calls]<UL><LI><a href="#[11b]">&gt;&gt;</a>&nbsp;&nbsp;&nbsp;I2C_WaitOnTXEFlagUntilTimeout
<LI><a href="#[131]">&gt;&gt;</a>&nbsp;&nbsp;&nbsp;I2C_WaitOnMasterAddressFlagUntilTimeout
<LI><a href="#[116]">&gt;&gt;</a>&nbsp;&nbsp;&nbsp;I2C_WaitOnFlagUntilTimeout
</UL>
<BR>[Called By]<UL><LI><a href="#[119]">&gt;&gt;</a>&nbsp;&nbsp;&nbsp;HAL_I2C_Mem_Write
</UL>

<P><STRONG><a name="[11c]"></a>I2C_WaitOnBTFFlagUntilTimeout</STRONG> (Thumb, 76 bytes, Stack size 16 bytes, stm32f4xx_hal_i2c.o(i.I2C_WaitOnBTFFlagUntilTimeout))
<BR><BR>[Stack]<UL><LI>Max Depth = 16<LI>Call Chain = I2C_WaitOnBTFFlagUntilTimeout
</UL>
<BR>[Calls]<UL><LI><a href="#[115]">&gt;&gt;</a>&nbsp;&nbsp;&nbsp;HAL_GetTick
<LI><a href="#[132]">&gt;&gt;</a>&nbsp;&nbsp;&nbsp;I2C_IsAcknowledgeFailed
</UL>
<BR>[Called By]<UL><LI><a href="#[119]">&gt;&gt;</a>&nbsp;&nbsp;&nbsp;HAL_I2C_Mem_Write
</UL>

<P><STRONG><a name="[116]"></a>I2C_WaitOnFlagUntilTimeout</STRONG> (Thumb, 104 bytes, Stack size 32 bytes, stm32f4xx_hal_i2c.o(i.I2C_WaitOnFlagUntilTimeout))
<BR><BR>[Stack]<UL><LI>Max Depth = 32<LI>Call Chain = I2C_WaitOnFlagUntilTimeout
</UL>
<BR>[Calls]<UL><LI><a href="#[115]">&gt;&gt;</a>&nbsp;&nbsp;&nbsp;HAL_GetTick
</UL>
<BR>[Called By]<UL><LI><a href="#[119]">&gt;&gt;</a>&nbsp;&nbsp;&nbsp;HAL_I2C_Mem_Write
<LI><a href="#[114]">&gt;&gt;</a>&nbsp;&nbsp;&nbsp;HAL_I2C_Mem_Read
<LI><a href="#[11a]">&gt;&gt;</a>&nbsp;&nbsp;&nbsp;I2C_RequestMemoryWrite
<LI><a href="#[117]">&gt;&gt;</a>&nbsp;&nbsp;&nbsp;I2C_RequestMemoryRead
</UL>

<P><STRONG><a name="[131]"></a>I2C_WaitOnMasterAddressFlagUntilTimeout</STRONG> (Thumb, 150 bytes, Stack size 32 bytes, stm32f4xx_hal_i2c.o(i.I2C_WaitOnMasterAddressFlagUntilTimeout))
<BR><BR>[Stack]<UL><LI>Max Depth = 32<LI>Call Chain = I2C_WaitOnMasterAddressFlagUntilTimeout
</UL>
<BR>[Calls]<UL><LI><a href="#[115]">&gt;&gt;</a>&nbsp;&nbsp;&nbsp;HAL_GetTick
</UL>
<BR>[Called By]<UL><LI><a href="#[11a]">&gt;&gt;</a>&nbsp;&nbsp;&nbsp;I2C_RequestMemoryWrite
<LI><a href="#[117]">&gt;&gt;</a>&nbsp;&nbsp;&nbsp;I2C_RequestMemoryRead
</UL>

<P><STRONG><a name="[118]"></a>I2C_WaitOnRXNEFlagUntilTimeout</STRONG> (Thumb, 102 bytes, Stack size 24 bytes, stm32f4xx_hal_i2c.o(i.I2C_WaitOnRXNEFlagUntilTimeout))
<BR><BR>[Stack]<UL><LI>Max Depth = 24<LI>Call Chain = I2C_WaitOnRXNEFlagUntilTimeout
</UL>
<BR>[Calls]<UL><LI><a href="#[115]">&gt;&gt;</a>&nbsp;&nbsp;&nbsp;HAL_GetTick
</UL>
<BR>[Called By]<UL><LI><a href="#[114]">&gt;&gt;</a>&nbsp;&nbsp;&nbsp;HAL_I2C_Mem_Read
</UL>

<P><STRONG><a name="[11b]"></a>I2C_WaitOnTXEFlagUntilTimeout</STRONG> (Thumb, 76 bytes, Stack size 16 bytes, stm32f4xx_hal_i2c.o(i.I2C_WaitOnTXEFlagUntilTimeout))
<BR><BR>[Stack]<UL><LI>Max Depth = 16<LI>Call Chain = I2C_WaitOnTXEFlagUntilTimeout
</UL>
<BR>[Calls]<UL><LI><a href="#[115]">&gt;&gt;</a>&nbsp;&nbsp;&nbsp;HAL_GetTick
<LI><a href="#[132]">&gt;&gt;</a>&nbsp;&nbsp;&nbsp;I2C_IsAcknowledgeFailed
</UL>
<BR>[Called By]<UL><LI><a href="#[119]">&gt;&gt;</a>&nbsp;&nbsp;&nbsp;HAL_I2C_Mem_Write
<LI><a href="#[11a]">&gt;&gt;</a>&nbsp;&nbsp;&nbsp;I2C_RequestMemoryWrite
<LI><a href="#[117]">&gt;&gt;</a>&nbsp;&nbsp;&nbsp;I2C_RequestMemoryRead
</UL>

<P><STRONG><a name="[12e]"></a>UART_SetConfig</STRONG> (Thumb, 676 bytes, Stack size 24 bytes, stm32f4xx_hal_uart.o(i.UART_SetConfig))
<BR><BR>[Stack]<UL><LI>Max Depth = 24<LI>Call Chain = UART_SetConfig
</UL>
<BR>[Calls]<UL><LI><a href="#[113]">&gt;&gt;</a>&nbsp;&nbsp;&nbsp;HAL_RCC_GetPCLK1Freq
<LI><a href="#[13e]">&gt;&gt;</a>&nbsp;&nbsp;&nbsp;HAL_RCC_GetPCLK2Freq
</UL>
<BR>[Called By]<UL><LI><a href="#[12c]">&gt;&gt;</a>&nbsp;&nbsp;&nbsp;HAL_UART_Init
</UL>

<P><STRONG><a name="[130]"></a>UART_WaitOnFlagUntilTimeout</STRONG> (Thumb, 100 bytes, Stack size 24 bytes, stm32f4xx_hal_uart.o(i.UART_WaitOnFlagUntilTimeout))
<BR><BR>[Stack]<UL><LI>Max Depth = 24<LI>Call Chain = UART_WaitOnFlagUntilTimeout
</UL>
<BR>[Calls]<UL><LI><a href="#[115]">&gt;&gt;</a>&nbsp;&nbsp;&nbsp;HAL_GetTick
</UL>
<BR>[Called By]<UL><LI><a href="#[12f]">&gt;&gt;</a>&nbsp;&nbsp;&nbsp;HAL_UART_Transmit
</UL>

<P><STRONG><a name="[125]"></a>__NVIC_SetPriority</STRONG> (Thumb, 32 bytes, Stack size 0 bytes, stm32f4xx_hal_cortex.o(i.__NVIC_SetPriority))
<BR><BR>[Called By]<UL><LI><a href="#[124]">&gt;&gt;</a>&nbsp;&nbsp;&nbsp;HAL_SYSTICK_Config
<LI><a href="#[10e]">&gt;&gt;</a>&nbsp;&nbsp;&nbsp;HAL_NVIC_SetPriority
</UL>

<P><STRONG><a name="[86]"></a>inv_reset_packet</STRONG> (Thumb, 30 bytes, Stack size 8 bytes, fast_no_motion.o(.text))
<BR><BR>[Stack]<UL><LI>Max Depth = 16<LI>Call Chain = inv_reset_packet &rArr; inv_init_maxmin
</UL>
<BR>[Calls]<UL><LI><a href="#[7f]">&gt;&gt;</a>&nbsp;&nbsp;&nbsp;__aeabi_memclr4
<LI><a href="#[80]">&gt;&gt;</a>&nbsp;&nbsp;&nbsp;inv_init_maxmin
</UL>
<BR>[Called By]<UL><LI><a href="#[8c]">&gt;&gt;</a>&nbsp;&nbsp;&nbsp;inv_generate_fast_nomot
<LI><a href="#[85]">&gt;&gt;</a>&nbsp;&nbsp;&nbsp;inv_detect_motion_by_gyro_accel
</UL>

<P><STRONG><a name="[af]"></a>inv_find_synchronized_compass_angle</STRONG> (Thumb, 156 bytes, Stack size 48 bytes, fusion_9axis.o(.text))
<BR><BR>[Stack]<UL><LI>Max Depth = 144<LI>Call Chain = inv_find_synchronized_compass_angle &rArr; inv_compass_angle &rArr; __hardfp_atan2f
</UL>
<BR>[Calls]<UL><LI><a href="#[b2]">&gt;&gt;</a>&nbsp;&nbsp;&nbsp;inv_q_mult
<LI><a href="#[c1]">&gt;&gt;</a>&nbsp;&nbsp;&nbsp;inv_compass_angle
<LI><a href="#[a1]">&gt;&gt;</a>&nbsp;&nbsp;&nbsp;__aeabi_memmove4
<LI><a href="#[c2]">&gt;&gt;</a>&nbsp;&nbsp;&nbsp;__aeabi_cfcmple
</UL>
<BR>[Called By]<UL><LI><a href="#[ab]">&gt;&gt;</a>&nbsp;&nbsp;&nbsp;inv_perform_9x_fusion
</UL>

<P><STRONG><a name="[6a]"></a>inv_gtc_load</STRONG> (Thumb, 38 bytes, Stack size 24 bytes, gyro_tc.o(.text))
<BR><BR>[Stack]<UL><LI>Max Depth = 32<LI>Call Chain = inv_gtc_load &rArr; __aeabi_memcpy
</UL>
<BR>[Calls]<UL><LI><a href="#[c3]">&gt;&gt;</a>&nbsp;&nbsp;&nbsp;__aeabi_memcpy
</UL>
<BR>[Address Reference Count : 1]<UL><LI> gyro_tc.o(.text)
</UL>
<P><STRONG><a name="[69]"></a>inv_gtc_store</STRONG> (Thumb, 32 bytes, Stack size 24 bytes, gyro_tc.o(.text))
<BR><BR>[Stack]<UL><LI>Max Depth = 32<LI>Call Chain = inv_gtc_store &rArr; __aeabi_memcpy
</UL>
<BR>[Calls]<UL><LI><a href="#[c3]">&gt;&gt;</a>&nbsp;&nbsp;&nbsp;__aeabi_memcpy
</UL>
<BR>[Address Reference Count : 1]<UL><LI> gyro_tc.o(.text)
</UL>
<P><STRONG><a name="[c4]"></a>inv_gtc_compute_slope</STRONG> (Thumb, 472 bytes, Stack size 104 bytes, gyro_tc.o(.text))
<BR><BR>[Stack]<UL><LI>Max Depth = 168<LI>Call Chain = inv_gtc_compute_slope &rArr; __aeabi_ldivmod &rArr; __aeabi_uldivmod
</UL>
<BR>[Calls]<UL><LI><a href="#[7f]">&gt;&gt;</a>&nbsp;&nbsp;&nbsp;__aeabi_memclr4
<LI><a href="#[c5]">&gt;&gt;</a>&nbsp;&nbsp;&nbsp;__aeabi_ldivmod
</UL>
<BR>[Called By]<UL><LI><a href="#[68]">&gt;&gt;</a>&nbsp;&nbsp;&nbsp;inv_gtc_data_cb
</UL>

<P><STRONG><a name="[c6]"></a>inv_gtc_add_data</STRONG> (Thumb, 204 bytes, Stack size 24 bytes, gyro_tc.o(.text))
<BR><BR>[Stack]<UL><LI>Max Depth = 32<LI>Call Chain = inv_gtc_add_data &rArr; __aeabi_memmove4
</UL>
<BR>[Calls]<UL><LI><a href="#[a1]">&gt;&gt;</a>&nbsp;&nbsp;&nbsp;__aeabi_memmove4
</UL>
<BR>[Called By]<UL><LI><a href="#[68]">&gt;&gt;</a>&nbsp;&nbsp;&nbsp;inv_gtc_data_cb
</UL>

<P><STRONG><a name="[68]"></a>inv_gtc_data_cb</STRONG> (Thumb, 144 bytes, Stack size 32 bytes, gyro_tc.o(.text))
<BR><BR>[Stack]<UL><LI>Max Depth = 200<LI>Call Chain = inv_gtc_data_cb &rArr; inv_gtc_compute_slope &rArr; __aeabi_ldivmod &rArr; __aeabi_uldivmod
</UL>
<BR>[Calls]<UL><LI><a href="#[82]">&gt;&gt;</a>&nbsp;&nbsp;&nbsp;inv_set_gyro_bias
<LI><a href="#[c9]">&gt;&gt;</a>&nbsp;&nbsp;&nbsp;inv_get_gyro_bias_tc_set
<LI><a href="#[c7]">&gt;&gt;</a>&nbsp;&nbsp;&nbsp;inv_get_gyro_bias
<LI><a href="#[c8]">&gt;&gt;</a>&nbsp;&nbsp;&nbsp;inv_get_motion_state
<LI><a href="#[c6]">&gt;&gt;</a>&nbsp;&nbsp;&nbsp;inv_gtc_add_data
<LI><a href="#[c4]">&gt;&gt;</a>&nbsp;&nbsp;&nbsp;inv_gtc_compute_slope
</UL>
<BR>[Address Reference Count : 1]<UL><LI> gyro_tc.o(.text)
</UL>
<P><STRONG><a name="[d0]"></a>accel_fusion</STRONG> (Thumb, 428 bytes, Stack size 128 bytes, quaternion_supervisor.o(.text))
<BR><BR>[Stack]<UL><LI>Max Depth = 152<LI>Call Chain = accel_fusion &rArr; inv_q_norm4 &rArr; __hardfp_sqrtf
</UL>
<BR>[Calls]<UL><LI><a href="#[d3]">&gt;&gt;</a>&nbsp;&nbsp;&nbsp;inv_q_norm4
<LI><a href="#[b7]">&gt;&gt;</a>&nbsp;&nbsp;&nbsp;inv_q_multf
<LI><a href="#[d1]">&gt;&gt;</a>&nbsp;&nbsp;&nbsp;inv_q_invertf
<LI><a href="#[d2]">&gt;&gt;</a>&nbsp;&nbsp;&nbsp;inv_q_addf
<LI><a href="#[8e]">&gt;&gt;</a>&nbsp;&nbsp;&nbsp;sqrtf
<LI><a href="#[a3]">&gt;&gt;</a>&nbsp;&nbsp;&nbsp;__aeabi_fmul
<LI><a href="#[a2]">&gt;&gt;</a>&nbsp;&nbsp;&nbsp;__aeabi_fadd
<LI><a href="#[b6]">&gt;&gt;</a>&nbsp;&nbsp;&nbsp;__aeabi_f2iz
<LI><a href="#[a5]">&gt;&gt;</a>&nbsp;&nbsp;&nbsp;__aeabi_cfrcmple
<LI><a href="#[ac]">&gt;&gt;</a>&nbsp;&nbsp;&nbsp;__ARM_scalbnf
<LI><a href="#[8d]">&gt;&gt;</a>&nbsp;&nbsp;&nbsp;__aeabi_i2f
<LI><a href="#[79]">&gt;&gt;</a>&nbsp;&nbsp;&nbsp;__aeabi_fdiv
</UL>
<BR>[Called By]<UL><LI><a href="#[de]">&gt;&gt;</a>&nbsp;&nbsp;&nbsp;inv_generate_accel_gyro_quaternion
</UL>

<P><STRONG><a name="[d4]"></a>inv_compute_quat_from_accel</STRONG> (Thumb, 286 bytes, Stack size 40 bytes, quaternion_supervisor.o(.text))
<BR><BR>[Stack]<UL><LI>Max Depth = 60<LI>Call Chain = inv_compute_quat_from_accel &rArr; __aeabi_fsub &rArr; __aeabi_fadd &rArr; _float_epilogue
</UL>
<BR>[Calls]<UL><LI><a href="#[8e]">&gt;&gt;</a>&nbsp;&nbsp;&nbsp;sqrtf
<LI><a href="#[a4]">&gt;&gt;</a>&nbsp;&nbsp;&nbsp;__aeabi_fsub
<LI><a href="#[a3]">&gt;&gt;</a>&nbsp;&nbsp;&nbsp;__aeabi_fmul
<LI><a href="#[a2]">&gt;&gt;</a>&nbsp;&nbsp;&nbsp;__aeabi_fadd
<LI><a href="#[b6]">&gt;&gt;</a>&nbsp;&nbsp;&nbsp;__aeabi_f2iz
<LI><a href="#[ac]">&gt;&gt;</a>&nbsp;&nbsp;&nbsp;__ARM_scalbnf
<LI><a href="#[8d]">&gt;&gt;</a>&nbsp;&nbsp;&nbsp;__aeabi_i2f
<LI><a href="#[79]">&gt;&gt;</a>&nbsp;&nbsp;&nbsp;__aeabi_fdiv
</UL>
<BR>[Called By]<UL><LI><a href="#[de]">&gt;&gt;</a>&nbsp;&nbsp;&nbsp;inv_generate_accel_gyro_quaternion
</UL>

<P><STRONG><a name="[d5]"></a>inv_normalize_quat</STRONG> (Thumb, 198 bytes, Stack size 24 bytes, quaternion_supervisor.o(.text))
<BR><BR>[Stack]<UL><LI>Max Depth = 44<LI>Call Chain = inv_normalize_quat &rArr; __aeabi_fadd &rArr; _float_epilogue
</UL>
<BR>[Calls]<UL><LI><a href="#[8e]">&gt;&gt;</a>&nbsp;&nbsp;&nbsp;sqrtf
<LI><a href="#[a3]">&gt;&gt;</a>&nbsp;&nbsp;&nbsp;__aeabi_fmul
<LI><a href="#[a2]">&gt;&gt;</a>&nbsp;&nbsp;&nbsp;__aeabi_fadd
<LI><a href="#[b6]">&gt;&gt;</a>&nbsp;&nbsp;&nbsp;__aeabi_f2iz
<LI><a href="#[ac]">&gt;&gt;</a>&nbsp;&nbsp;&nbsp;__ARM_scalbnf
<LI><a href="#[8d]">&gt;&gt;</a>&nbsp;&nbsp;&nbsp;__aeabi_i2f
<LI><a href="#[79]">&gt;&gt;</a>&nbsp;&nbsp;&nbsp;__aeabi_fdiv
</UL>
<BR>[Called By]<UL><LI><a href="#[de]">&gt;&gt;</a>&nbsp;&nbsp;&nbsp;inv_generate_accel_gyro_quaternion
<LI><a href="#[d6]">&gt;&gt;</a>&nbsp;&nbsp;&nbsp;inv_generate_gyro_quaternion
<LI><a href="#[da]">&gt;&gt;</a>&nbsp;&nbsp;&nbsp;inv_process_dmp_quaternion
</UL>

<P><STRONG><a name="[da]"></a>inv_process_dmp_quaternion</STRONG> (Thumb, 494 bytes, Stack size 88 bytes, quaternion_supervisor.o(.text))
<BR><BR>[Stack]<UL><LI>Max Depth = 132<LI>Call Chain = inv_process_dmp_quaternion &rArr; sinf &rArr; __hardfp_sinf &rArr; __mathlib_rredf2
</UL>
<BR>[Calls]<UL><LI><a href="#[dc]">&gt;&gt;</a>&nbsp;&nbsp;&nbsp;inv_convert_to_body_with_scale
<LI><a href="#[c7]">&gt;&gt;</a>&nbsp;&nbsp;&nbsp;inv_get_gyro_bias
<LI><a href="#[b2]">&gt;&gt;</a>&nbsp;&nbsp;&nbsp;inv_q_mult
<LI><a href="#[b3]">&gt;&gt;</a>&nbsp;&nbsp;&nbsp;inv_q_invert
<LI><a href="#[db]">&gt;&gt;</a>&nbsp;&nbsp;&nbsp;memcmp
<LI><a href="#[8e]">&gt;&gt;</a>&nbsp;&nbsp;&nbsp;sqrtf
<LI><a href="#[b5]">&gt;&gt;</a>&nbsp;&nbsp;&nbsp;sinf
<LI><a href="#[b4]">&gt;&gt;</a>&nbsp;&nbsp;&nbsp;cosf
<LI><a href="#[d5]">&gt;&gt;</a>&nbsp;&nbsp;&nbsp;inv_normalize_quat
<LI><a href="#[a3]">&gt;&gt;</a>&nbsp;&nbsp;&nbsp;__aeabi_fmul
<LI><a href="#[a2]">&gt;&gt;</a>&nbsp;&nbsp;&nbsp;__aeabi_fadd
<LI><a href="#[b6]">&gt;&gt;</a>&nbsp;&nbsp;&nbsp;__aeabi_f2iz
<LI><a href="#[ac]">&gt;&gt;</a>&nbsp;&nbsp;&nbsp;__ARM_scalbnf
<LI><a href="#[8d]">&gt;&gt;</a>&nbsp;&nbsp;&nbsp;__aeabi_i2f
<LI><a href="#[79]">&gt;&gt;</a>&nbsp;&nbsp;&nbsp;__aeabi_fdiv
</UL>
<BR>[Called By]<UL><LI><a href="#[de]">&gt;&gt;</a>&nbsp;&nbsp;&nbsp;inv_generate_accel_gyro_quaternion
</UL>

<P><STRONG><a name="[6b]"></a>inv_generate_quaternion</STRONG> (Thumb, 72 bytes, Stack size 16 bytes, quaternion_supervisor.o(.text))
<BR><BR>[Stack]<UL><LI>Max Depth = 272<LI>Call Chain = inv_generate_quaternion &rArr; inv_generate_accel_gyro_quaternion &rArr; accel_fusion &rArr; inv_q_norm4 &rArr; __hardfp_sqrtf
</UL>
<BR>[Calls]<UL><LI><a href="#[e1]">&gt;&gt;</a>&nbsp;&nbsp;&nbsp;inv_store_gaming_quaternion
<LI><a href="#[de]">&gt;&gt;</a>&nbsp;&nbsp;&nbsp;inv_generate_accel_gyro_quaternion
</UL>
<BR>[Address Reference Count : 1]<UL><LI> quaternion_supervisor.o(.text)
</UL>
<P><STRONG><a name="[152]"></a>_fp_digits</STRONG> (Thumb, 366 bytes, Stack size 64 bytes, printfa.o(i._fp_digits), UNUSED)
<BR><BR>[Calls]<UL><LI><a href="#[a9]">&gt;&gt;</a>&nbsp;&nbsp;&nbsp;__aeabi_dmul
<LI><a href="#[a8]">&gt;&gt;</a>&nbsp;&nbsp;&nbsp;__aeabi_ddiv
<LI><a href="#[104]">&gt;&gt;</a>&nbsp;&nbsp;&nbsp;__aeabi_dadd
<LI><a href="#[153]">&gt;&gt;</a>&nbsp;&nbsp;&nbsp;__aeabi_cdrcmple
<LI><a href="#[fc]">&gt;&gt;</a>&nbsp;&nbsp;&nbsp;__aeabi_uldivmod
<LI><a href="#[109]">&gt;&gt;</a>&nbsp;&nbsp;&nbsp;__aeabi_d2ulz
</UL>
<BR>[Called By]<UL><LI><a href="#[143]">&gt;&gt;</a>&nbsp;&nbsp;&nbsp;_printf_core
</UL>

<P><STRONG><a name="[143]"></a>_printf_core</STRONG> (Thumb, 1744 bytes, Stack size 136 bytes, printfa.o(i._printf_core), UNUSED)
<BR><BR>[Calls]<UL><LI><a href="#[fc]">&gt;&gt;</a>&nbsp;&nbsp;&nbsp;__aeabi_uldivmod
<LI><a href="#[156]">&gt;&gt;</a>&nbsp;&nbsp;&nbsp;__aeabi_uidivmod
<LI><a href="#[154]">&gt;&gt;</a>&nbsp;&nbsp;&nbsp;_printf_pre_padding
<LI><a href="#[155]">&gt;&gt;</a>&nbsp;&nbsp;&nbsp;_printf_post_padding
<LI><a href="#[152]">&gt;&gt;</a>&nbsp;&nbsp;&nbsp;_fp_digits
</UL>
<BR>[Called By]<UL><LI><a href="#[144]">&gt;&gt;</a>&nbsp;&nbsp;&nbsp;__0vsprintf
<LI><a href="#[142]">&gt;&gt;</a>&nbsp;&nbsp;&nbsp;__0sprintf
</UL>

<P><STRONG><a name="[155]"></a>_printf_post_padding</STRONG> (Thumb, 36 bytes, Stack size 24 bytes, printfa.o(i._printf_post_padding), UNUSED)
<BR><BR>[Called By]<UL><LI><a href="#[143]">&gt;&gt;</a>&nbsp;&nbsp;&nbsp;_printf_core
</UL>

<P><STRONG><a name="[154]"></a>_printf_pre_padding</STRONG> (Thumb, 46 bytes, Stack size 24 bytes, printfa.o(i._printf_pre_padding), UNUSED)
<BR><BR>[Called By]<UL><LI><a href="#[143]">&gt;&gt;</a>&nbsp;&nbsp;&nbsp;_printf_core
</UL>

<P><STRONG><a name="[6c]"></a>_sputc</STRONG> (Thumb, 10 bytes, Stack size 0 bytes, printfa.o(i._sputc))
<BR><BR>[Called By]<UL><LI><a href="#[144]">&gt;&gt;</a>&nbsp;&nbsp;&nbsp;__0vsprintf
<LI><a href="#[142]">&gt;&gt;</a>&nbsp;&nbsp;&nbsp;__0sprintf
</UL>
<BR>[Address Reference Count : 2]<UL><LI> printfa.o(i.__0sprintf)
<LI> printfa.o(i.__0vsprintf)
</UL><P>
<H3>
Undefined Global Symbols
</H3><HR></body></html>
