<html>
<body>
<pre>
<h1>µVision Build Log</h1>
<h2>Tool Versions:</h2>
IDE-Version: ¦ÌVision V5.25.2.0
Copyright (C) 2018 ARM Ltd and ARM Germany GmbH. All rights reserved.
License Information: A A, A, LIC=DSNX7-E3RU7-E0LN4-FEBL1-8KHDM-K5B9T
 
Tool Versions:
Toolchain:       MDK-ARM Professional  Version: 5.25.2.0
Toolchain Path:  C:\Keil_v5\ARM\ARMCC\Bin
C Compiler:      Armcc.exe V5.06 update 6 (build 750)
Assembler:       Armasm.exe V5.06 update 6 (build 750)
Linker/Locator:  ArmLink.exe V5.06 update 6 (build 750)
Library Manager: ArmAr.exe V5.06 update 6 (build 750)
Hex Converter:   FromElf.exe V5.06 update 6 (build 750)
CPU DLL:         SARMCM3.DLL V5.25.2.0
Dialog DLL:      DCM.DLL V1.17.1.0
Target DLL:      CMSIS_AGDI.dll V1.29.10.0
Dialog DLL:      TCM.DLL V1.35.1.0
 
<h2>Project:</h2>
D:\Temp\STM32\lab\dmp_test\MDK-ARM\dmp_tyest.uvprojx
Project File Date:  03/20/2019

<h2>Output:</h2>
*** Using Compiler 'V5.06 update 6 (build 750)', folder: 'C:\Keil_v5\ARM\ARMCC\Bin'
Build target 'dmp_tyest'
compiling main.c...
..\Drivers\MPU6050\i2c.h(49): warning:  #1-D: last line of file ends without a newline
  																				
..\Drivers\MPU6050\bsp_UART.h(37): warning:  #1-D: last line of file ends without a newline
  #endif	// __BSP_UART_H__
../Src/main.c(237): warning:  #167-D: argument of type "char *" is incompatible with parameter of type "uint8_t *"
  			HAL_UART_Transmit(&huart1, Str, strlen(Str), 0x3FFF);
../Src/main.c(690): warning:  #167-D: argument of type "char *" is incompatible with parameter of type "uint8_t *"
                    HAL_UART_Transmit(&huart1, cStr, strlen(cStr), 0x3FFF);
../Src/main.c(695): warning:  #167-D: argument of type "char *" is incompatible with parameter of type "uint8_t *"
                    HAL_UART_Transmit(&huart1, cStr, strlen(cStr), 0x3FFF);
../Src/main.c(699): warning:  #167-D: argument of type "char *" is incompatible with parameter of type "uint8_t *"
                    HAL_UART_Transmit(&huart1, cStr, strlen(cStr), 0x3FFF);
../Src/main.c(706): warning:  #167-D: argument of type "char *" is incompatible with parameter of type "uint8_t *"
                    HAL_UART_Transmit(&huart1, cStr, strlen(cStr), 0x3FFF);							
../Src/main.c: 7 warnings, 0 errors
linking...
Program Size: Code=38600 RO-data=3792 RW-data=100 ZI-data=4644  
FromELF: creating hex file...
"dmp_tyest\dmp_tyest.axf" - 0 Error(s), 7 Warning(s).

<h2>Software Packages used:</h2>

Package Vendor: ARM
                http://www.keil.com/pack/ARM.CMSIS.5.3.0.pack
                ARM.CMSIS.5.3.0
                CMSIS (Cortex Microcontroller Software Interface Standard)
   * Component: CORE Version: 5.1.1

Package Vendor: Keil
                http://www.keil.com/pack/Keil.STM32F4xx_DFP.2.5.0.pack
                Keil.STM32F4xx_DFP.2.5.0
                STMicroelectronics STM32F4 Series Device Support, Drivers and Examples

<h2>Collection of Component include folders:</h2>
  .\RTE\_dmp_tyest
  D:\Keil_v5\ARM\PACK\ARM\CMSIS\5.3.0\CMSIS\Include
  D:\Keil_v5\ARM\PACK\Keil\STM32F4xx_DFP\2.5.0\Drivers\CMSIS\Device\ST\STM32F4xx\Include

<h2>Collection of Component Files used:</h2>

   * Component: ARM::CMSIS:CORE:5.1.1
Build Time Elapsed:  00:00:04
</pre>
</body>
</html>
